Component: ARM Compiler 5.06 update 4 (build 422) Tool: armlink [4d35d2]

==============================================================================

Section Cross References

    startup_stm32f429xx.o(RESET) refers to startup_stm32f429xx.o(STACK) for __initial_sp
    startup_stm32f429xx.o(RESET) refers to startup_stm32f429xx.o(.text) for Reset_Handler
    startup_stm32f429xx.o(RESET) refers to stm32f4xx_it.o(i.NMI_Handler) for NMI_Handler
    startup_stm32f429xx.o(RESET) refers to stm32f4xx_it.o(i.HardFault_Handler) for HardFault_Handler
    startup_stm32f429xx.o(RESET) refers to stm32f4xx_it.o(i.MemManage_Handler) for MemManage_Handler
    startup_stm32f429xx.o(RESET) refers to stm32f4xx_it.o(i.BusFault_Handler) for BusFault_Handler
    startup_stm32f429xx.o(RESET) refers to stm32f4xx_it.o(i.UsageFault_Handler) for UsageFault_Handler
    startup_stm32f429xx.o(RESET) refers to port.o(.emb_text) for SVC_Handler
    startup_stm32f429xx.o(RESET) refers to stm32f4xx_it.o(i.DebugMon_Handler) for DebugMon_Handler
    startup_stm32f429xx.o(RESET) refers to port.o(i.SysTick_Handler) for SysTick_Handler
    startup_stm32f429xx.o(RESET) refers to stm32f4xx_it.o(i.TIM1_UP_TIM10_IRQHandler) for TIM1_UP_TIM10_IRQHandler
    startup_stm32f429xx.o(.text) refers to system_stm32f4xx.o(i.SystemInit) for SystemInit
    startup_stm32f429xx.o(.text) refers to entry.o(.ARM.Collect$$$$00000000) for __main
    main.o(i.HAL_TIM_PeriodElapsedCallback) refers to stm32f4xx_hal.o(i.HAL_IncTick) for HAL_IncTick
    main.o(i.MX_GPIO_Init) refers to memseta.o(.text) for __aeabi_memclr4
    main.o(i.MX_GPIO_Init) refers to stm32f4xx_hal_gpio.o(i.HAL_GPIO_WritePin) for HAL_GPIO_WritePin
    main.o(i.MX_GPIO_Init) refers to stm32f4xx_hal_gpio.o(i.HAL_GPIO_Init) for HAL_GPIO_Init
    main.o(i.StartDefaultTask) refers to cmsis_os2.o(i.osDelay) for osDelay
    main.o(i.SystemClock_Config) refers to memseta.o(.text) for __aeabi_memclr4
    main.o(i.SystemClock_Config) refers to stm32f4xx_hal_rcc.o(i.HAL_RCC_OscConfig) for HAL_RCC_OscConfig
    main.o(i.SystemClock_Config) refers to stm32f4xx_hal_rcc.o(i.HAL_RCC_ClockConfig) for HAL_RCC_ClockConfig
    main.o(i.main) refers to stm32f4xx_hal.o(i.HAL_Init) for HAL_Init
    main.o(i.main) refers to main.o(i.SystemClock_Config) for SystemClock_Config
    main.o(i.main) refers to main.o(i.MX_GPIO_Init) for MX_GPIO_Init
    main.o(i.main) refers to cmsis_os2.o(i.osKernelInitialize) for osKernelInitialize
    main.o(i.main) refers to memcpya.o(.text) for __aeabi_memcpy4
    main.o(i.main) refers to cmsis_os2.o(i.osThreadNew) for osThreadNew
    main.o(i.main) refers to cmsis_os2.o(i.osKernelStart) for osKernelStart
    main.o(i.main) refers to stm32f4xx_hal_gpio.o(i.HAL_GPIO_WritePin) for HAL_GPIO_WritePin
    main.o(i.main) refers to main.o(.constdata) for .constdata
    main.o(i.main) refers to main.o(i.StartDefaultTask) for StartDefaultTask
    main.o(i.main) refers to main.o(.data) for .data
    main.o(i.vTaskLed1) refers to tasks.o(i.vTaskDelay) for vTaskDelay
    main.o(.constdata) refers to main.o(.conststring) for .conststring
    stm32f4xx_it.o(i.TIM1_UP_TIM10_IRQHandler) refers to stm32f4xx_hal_tim.o(i.HAL_TIM_IRQHandler) for HAL_TIM_IRQHandler
    stm32f4xx_it.o(i.TIM1_UP_TIM10_IRQHandler) refers to stm32f4xx_hal_timebase_tim.o(.bss) for htim1
    stm32f4xx_hal_msp.o(i.HAL_MspInit) refers to stm32f4xx_hal_cortex.o(i.HAL_NVIC_SetPriority) for HAL_NVIC_SetPriority
    stm32f4xx_hal_timebase_tim.o(i.HAL_InitTick) refers to stm32f4xx_hal_cortex.o(i.HAL_NVIC_SetPriority) for HAL_NVIC_SetPriority
    stm32f4xx_hal_timebase_tim.o(i.HAL_InitTick) refers to stm32f4xx_hal_cortex.o(i.HAL_NVIC_EnableIRQ) for HAL_NVIC_EnableIRQ
    stm32f4xx_hal_timebase_tim.o(i.HAL_InitTick) refers to stm32f4xx_hal_rcc.o(i.HAL_RCC_GetClockConfig) for HAL_RCC_GetClockConfig
    stm32f4xx_hal_timebase_tim.o(i.HAL_InitTick) refers to stm32f4xx_hal_rcc.o(i.HAL_RCC_GetPCLK2Freq) for HAL_RCC_GetPCLK2Freq
    stm32f4xx_hal_timebase_tim.o(i.HAL_InitTick) refers to stm32f4xx_hal_tim.o(i.HAL_TIM_Base_Init) for HAL_TIM_Base_Init
    stm32f4xx_hal_timebase_tim.o(i.HAL_InitTick) refers to stm32f4xx_hal_tim.o(i.HAL_TIM_Base_Start_IT) for HAL_TIM_Base_Start_IT
    stm32f4xx_hal_timebase_tim.o(i.HAL_InitTick) refers to stm32f4xx_hal_timebase_tim.o(.bss) for .bss
    stm32f4xx_hal_timebase_tim.o(i.HAL_ResumeTick) refers to stm32f4xx_hal_timebase_tim.o(.bss) for .bss
    stm32f4xx_hal_timebase_tim.o(i.HAL_SuspendTick) refers to stm32f4xx_hal_timebase_tim.o(.bss) for .bss
    stm32f4xx_hal_tim.o(i.HAL_TIM_Base_DeInit) refers to stm32f4xx_hal_tim.o(i.HAL_TIM_Base_MspDeInit) for HAL_TIM_Base_MspDeInit
    stm32f4xx_hal_tim.o(i.HAL_TIM_Base_Init) refers to stm32f4xx_hal_tim.o(i.HAL_TIM_Base_MspInit) for HAL_TIM_Base_MspInit
    stm32f4xx_hal_tim.o(i.HAL_TIM_Base_Init) refers to stm32f4xx_hal_tim.o(i.TIM_Base_SetConfig) for TIM_Base_SetConfig
[...]
    Removing stm32f4xx_hal_dma_ex.o(.rev16_text), (4 bytes).
    Removing stm32f4xx_hal_dma_ex.o(.revsh_text), (4 bytes).
    Removing stm32f4xx_hal_dma_ex.o(.rrx_text), (6 bytes).
    Removing stm32f4xx_hal_dma_ex.o(i.DMA_MultiBufferSetConfig), (30 bytes).
    Removing stm32f4xx_hal_dma_ex.o(i.HAL_DMAEx_ChangeMemory), (14 bytes).
    Removing stm32f4xx_hal_dma_ex.o(i.HAL_DMAEx_MultiBufferStart), (100 bytes).
    Removing stm32f4xx_hal_dma_ex.o(i.HAL_DMAEx_MultiBufferStart_IT), (2432 bytes).
    Removing stm32f4xx_hal_dma.o(.rev16_text), (4 bytes).
    Removing stm32f4xx_hal_dma.o(.revsh_text), (4 bytes).
    Removing stm32f4xx_hal_dma.o(.rrx_text), (6 bytes).
    Removing stm32f4xx_hal_dma.o(i.DMA_CalcBaseAndBitshift), (40 bytes).
    Removing stm32f4xx_hal_dma.o(i.DMA_CheckFifoParam), (84 bytes).
    Removing stm32f4xx_hal_dma.o(i.DMA_SetConfig), (40 bytes).
    Removing stm32f4xx_hal_dma.o(i.HAL_DMA_Abort), (142 bytes).
    Removing stm32f4xx_hal_dma.o(i.HAL_DMA_Abort_IT), (36 bytes).
    Removing stm32f4xx_hal_dma.o(i.HAL_DMA_DeInit), (98 bytes).
    Removing stm32f4xx_hal_dma.o(i.HAL_DMA_GetError), (4 bytes).
    Removing stm32f4xx_hal_dma.o(i.HAL_DMA_GetState), (6 bytes).
    Removing stm32f4xx_hal_dma.o(i.HAL_DMA_IRQHandler), (416 bytes).
    Removing stm32f4xx_hal_dma.o(i.HAL_DMA_Init), (212 bytes).
    Removing stm32f4xx_hal_dma.o(i.HAL_DMA_PollForTransfer), (292 bytes).
    Removing stm32f4xx_hal_dma.o(i.HAL_DMA_RegisterCallback), (80 bytes).
    Removing stm32f4xx_hal_dma.o(i.HAL_DMA_Start), (70 bytes).
    Removing stm32f4xx_hal_dma.o(i.HAL_DMA_Start_IT), (110 bytes).
    Removing stm32f4xx_hal_dma.o(i.HAL_DMA_UnRegisterCallback), (96 bytes).
    Removing stm32f4xx_hal_dma.o(.constdata), (8 bytes).
    Removing stm32f4xx_hal_pwr.o(.rev16_text), (4 bytes).
    Removing stm32f4xx_hal_pwr.o(.revsh_text), (4 bytes).
    Removing stm32f4xx_hal_pwr.o(.rrx_text), (6 bytes).
    Removing stm32f4xx_hal_pwr.o(i.HAL_PWR_ConfigPVD), (124 bytes).
    Removing stm32f4xx_hal_pwr.o(i.HAL_PWR_DeInit), (24 bytes).
    Removing stm32f4xx_hal_pwr.o(i.HAL_PWR_DisableBkUpAccess), (12 bytes).
    Removing stm32f4xx_hal_pwr.o(i.HAL_PWR_DisablePVD), (12 bytes).
    Removing stm32f4xx_hal_pwr.o(i.HAL_PWR_DisableSEVOnPend), (16 bytes).
    Removing stm32f4xx_hal_pwr.o(i.HAL_PWR_DisableSleepOnExit), (16 bytes).
    Removing stm32f4xx_hal_pwr.o(i.HAL_PWR_DisableWakeUpPin), (16 bytes).
    Removing stm32f4xx_hal_pwr.o(i.HAL_PWR_EnableBkUpAccess), (12 bytes).
    Removing stm32f4xx_hal_pwr.o(i.HAL_PWR_EnablePVD), (12 bytes).
    Removing stm32f4xx_hal_pwr.o(i.HAL_PWR_EnableSEVOnPend), (16 bytes).
    Removing stm32f4xx_hal_pwr.o(i.HAL_PWR_EnableSleepOnExit), (16 bytes).
    Removing stm32f4xx_hal_pwr.o(i.HAL_PWR_EnableWakeUpPin), (16 bytes).
    Removing stm32f4xx_hal_pwr.o(i.HAL_PWR_EnterSLEEPMode), (32 bytes).
    Removing stm32f4xx_hal_pwr.o(i.HAL_PWR_EnterSTANDBYMode), (32 bytes).
    Removing stm32f4xx_hal_pwr.o(i.HAL_PWR_EnterSTOPMode), (56 bytes).
    Removing stm32f4xx_hal_pwr.o(i.HAL_PWR_PVDCallback), (2 bytes).
    Removing stm32f4xx_hal_pwr.o(i.HAL_PWR_PVD_IRQHandler), (28 bytes).
    Removing stm32f4xx_hal_pwr_ex.o(.rev16_text), (4 bytes).
    Removing stm32f4xx_hal_pwr_ex.o(.revsh_text), (4 bytes).
    Removing stm32f4xx_hal_pwr_ex.o(.rrx_text), (6 bytes).
    Removing stm32f4xx_hal_pwr_ex.o(i.HAL_PWREx_ControlVoltageScaling), (176 bytes).
    Removing stm32f4xx_hal_pwr_ex.o(i.HAL_PWREx_DisableBkUpReg), (60 bytes).
    Removing stm32f4xx_hal_pwr_ex.o(i.HAL_PWREx_DisableFlashPowerDown), (12 bytes).
    Removing stm32f4xx_hal_pwr_ex.o(i.HAL_PWREx_DisableOverDrive), (112 bytes).
    Removing stm32f4xx_hal_pwr_ex.o(i.HAL_PWREx_EnableBkUpReg), (60 bytes).
    Removing stm32f4xx_hal_pwr_ex.o(i.HAL_PWREx_EnableFlashPowerDown), (12 bytes).
    Removing stm32f4xx_hal_pwr_ex.o(i.HAL_PWREx_EnableOverDrive), (112 bytes).
    Removing stm32f4xx_hal_pwr_ex.o(i.HAL_PWREx_EnterUnderDriveSTOPMode), (96 bytes).
    Removing stm32f4xx_hal_pwr_ex.o(i.HAL_PWREx_GetVoltageRange), (16 bytes).
    Removing stm32f4xx_hal_cortex.o(.rev16_text), (4 bytes).
    Removing stm32f4xx_hal_cortex.o(.revsh_text), (4 bytes).
    Removing stm32f4xx_hal_cortex.o(.rrx_text), (6 bytes).
    Removing stm32f4xx_hal_cortex.o(i.HAL_MPU_ConfigRegion), (84 bytes).
    Removing stm32f4xx_hal_cortex.o(i.HAL_MPU_Disable), (28 bytes).
    Removing stm32f4xx_hal_cortex.o(i.HAL_MPU_Enable), (36 bytes).
    Removing stm32f4xx_hal_cortex.o(i.HAL_NVIC_ClearPendingIRQ), (26 bytes).
    Removing stm32f4xx_hal_cortex.o(i.HAL_NVIC_DisableIRQ), (34 bytes).
    Removing stm32f4xx_hal_cortex.o(i.HAL_NVIC_GetActive), (36 bytes).
    Removing stm32f4xx_hal_cortex.o(i.HAL_NVIC_GetPendingIRQ), (36 bytes).
    Removing stm32f4xx_hal_cortex.o(i.HAL_NVIC_GetPriority), (82 bytes).
    Removing stm32f4xx_hal_cortex.o(i.HAL_NVIC_GetPriorityGrouping), (16 bytes).
    Removing stm32f4xx_hal_cortex.o(i.HAL_NVIC_SetPendingIRQ), (26 bytes).
    Removing stm32f4xx_hal_cortex.o(i.HAL_NVIC_SystemReset), (36 bytes).
    Removing stm32f4xx_hal_cortex.o(i.HAL_SYSTICK_CLKSourceConfig), (24 bytes).
    Removing stm32f4xx_hal_cortex.o(i.HAL_SYSTICK_Callback), (2 bytes).
    Removing stm32f4xx_hal_cortex.o(i.HAL_SYSTICK_Config), (40 bytes).
    Removing stm32f4xx_hal_cortex.o(i.HAL_SYSTICK_IRQHandler), (8 bytes).
    Removing stm32f4xx_hal.o(.rev16_text), (4 bytes).
    Removing stm32f4xx_hal.o(.revsh_text), (4 bytes).
    Removing stm32f4xx_hal.o(.rrx_text), (6 bytes).
    Removing stm32f4xx_hal.o(i.HAL_DBGMCU_DisableDBGSleepMode), (16 bytes).
    Removing stm32f4xx_hal.o(i.HAL_DBGMCU_DisableDBGStandbyMode), (16 bytes).
    Removing stm32f4xx_hal.o(i.HAL_DBGMCU_DisableDBGStopMode), (16 bytes).
    Removing stm32f4xx_hal.o(i.HAL_DBGMCU_EnableDBGSleepMode), (16 bytes).
    Removing stm32f4xx_hal.o(i.HAL_DBGMCU_EnableDBGStandbyMode), (16 bytes).
    Removing stm32f4xx_hal.o(i.HAL_DBGMCU_EnableDBGStopMode), (16 bytes).
    Removing stm32f4xx_hal.o(i.HAL_DeInit), (52 bytes).
    Removing stm32f4xx_hal.o(i.HAL_Delay), (36 bytes).
    Removing stm32f4xx_hal.o(i.HAL_DisableCompensationCell), (12 bytes).
    Removing stm32f4xx_hal.o(i.HAL_DisableMemorySwappingBank), (12 bytes).
    Removing stm32f4xx_hal.o(i.HAL_EnableCompensationCell), (12 bytes).
    Removing stm32f4xx_hal.o(i.HAL_EnableMemorySwappingBank), (12 bytes).
    Removing stm32f4xx_hal.o(i.HAL_GetDEVID), (16 bytes).
    Removing stm32f4xx_hal.o(i.HAL_GetHalVersion), (8 bytes).
    Removing stm32f4xx_hal.o(i.HAL_GetREVID), (12 bytes).
    Removing stm32f4xx_hal.o(i.HAL_GetTickFreq), (12 bytes).
    Removing stm32f4xx_hal.o(i.HAL_GetTickPrio), (12 bytes).
    Removing stm32f4xx_hal.o(i.HAL_GetUIDw0), (12 bytes).
    Removing stm32f4xx_hal.o(i.HAL_GetUIDw1), (12 bytes).
    Removing stm32f4xx_hal.o(i.HAL_GetUIDw2), (12 bytes).
    Removing stm32f4xx_hal.o(i.HAL_InitTick), (64 bytes).
    Removing stm32f4xx_hal.o(i.HAL_MspDeInit), (2 bytes).
    Removing stm32f4xx_hal.o(i.HAL_MspInit), (2 bytes).
    Removing stm32f4xx_hal.o(i.HAL_ResumeTick), (14 bytes).
    Removing stm32f4xx_hal.o(i.HAL_SetTickFreq), (36 bytes).
    Removing stm32f4xx_hal.o(i.HAL_SuspendTick), (14 bytes).
    Removing stm32f4xx_hal_exti.o(.rev16_text), (4 bytes).
    Removing stm32f4xx_hal_exti.o(.revsh_text), (4 bytes).
    Removing stm32f4xx_hal_exti.o(.rrx_text), (6 bytes).
    Removing stm32f4xx_hal_exti.o(i.HAL_EXTI_ClearConfigLine), (108 bytes).
    Removing stm32f4xx_hal_exti.o(i.HAL_EXTI_ClearPending), (20 bytes).
    Removing stm32f4xx_hal_exti.o(i.HAL_EXTI_GenerateSWI), (20 bytes).
    Removing stm32f4xx_hal_exti.o(i.HAL_EXTI_GetConfigLine), (156 bytes).
    Removing stm32f4xx_hal_exti.o(i.HAL_EXTI_GetHandle), (12 bytes).
    Removing stm32f4xx_hal_exti.o(i.HAL_EXTI_GetPending), (24 bytes).
    Removing stm32f4xx_hal_exti.o(i.HAL_EXTI_IRQHandler), (36 bytes).
    Removing stm32f4xx_hal_exti.o(i.HAL_EXTI_RegisterCallback), (14 bytes).
    Removing stm32f4xx_hal_exti.o(i.HAL_EXTI_SetConfigLine), (168 bytes).
    Removing system_stm32f4xx.o(.rev16_text), (4 bytes).
    Removing system_stm32f4xx.o(.revsh_text), (4 bytes).
    Removing system_stm32f4xx.o(.rrx_text), (6 bytes).
    Removing system_stm32f4xx.o(i.SystemCoreClockUpdate), (124 bytes).
    Removing event_groups.o(i.prvTestWaitCondition), (20 bytes).
    Removing event_groups.o(i.uxEventGroupGetNumber), (8 bytes).
    Removing event_groups.o(i.vEventGroupClearBitsCallback), (4 bytes).
    Removing event_groups.o(i.vEventGroupDelete), (74 bytes).
    Removing event_groups.o(i.vEventGroupSetBitsCallback), (4 bytes).
    Removing event_groups.o(i.vEventGroupSetNumber), (4 bytes).
    Removing event_groups.o(i.xEventGroupClearBits), (64 bytes).
    Removing event_groups.o(i.xEventGroupClearBitsFromISR), (16 bytes).
    Removing event_groups.o(i.xEventGroupCreate), (28 bytes).
    Removing event_groups.o(i.xEventGroupCreateStatic), (44 bytes).
    Removing event_groups.o(i.xEventGroupGetBitsFromISR), (26 bytes).
    Removing event_groups.o(i.xEventGroupSetBits), (140 bytes).
    Removing event_groups.o(i.xEventGroupSetBitsFromISR), (16 bytes).
    Removing event_groups.o(i.xEventGroupSync), (204 bytes).
    Removing event_groups.o(i.xEventGroupWaitBits), (264 bytes).
    Removing queue.o(i.pcQueueGetName), (40 bytes).
    Removing queue.o(i.prvInitialiseMutex), (22 bytes).
    Removing queue.o(i.ucQueueGetQueueType), (6 bytes).
    Removing queue.o(i.uxQueueGetQueueNumber), (4 bytes).
    Removing queue.o(i.uxQueueMessagesWaiting), (36 bytes).
    Removing queue.o(i.uxQueueMessagesWaitingFromISR), (22 bytes).
    Removing queue.o(i.uxQueueSpacesAvailable), (40 bytes).
    Removing queue.o(i.vQueueDelete), (46 bytes).
    Removing queue.o(i.vQueueSetQueueNumber), (4 bytes).
    Removing queue.o(i.vQueueUnregisterQueue), (40 bytes).
    Removing queue.o(i.xQueueCreateCountingSemaphore), (58 bytes).
    Removing queue.o(i.xQueueCreateCountingSemaphoreStatic), (64 bytes).
    Removing queue.o(i.xQueueCreateMutex), (22 bytes).
    Removing queue.o(i.xQueueCreateMutexStatic), (26 bytes).
    Removing queue.o(i.xQueueGenericCreate), (72 bytes).
    Removing queue.o(i.xQueueGetMutexHolder), (28 bytes).
    Removing queue.o(i.xQueueGetMutexHolderFromISR), (30 bytes).
    Removing queue.o(i.xQueueGiveFromISR), (156 bytes).
    Removing queue.o(i.xQueueGiveMutexRecursive), (62 bytes).
    Removing queue.o(i.xQueueIsQueueEmptyFromISR), (30 bytes).
    Removing queue.o(i.xQueueIsQueueFullFromISR), (34 bytes).
    Removing queue.o(i.xQueuePeek), (308 bytes).
    Removing queue.o(i.xQueuePeekFromISR), (116 bytes).
    Removing queue.o(i.xQueueReceiveFromISR), (154 bytes).
    Removing queue.o(i.xQueueSemaphoreTake), (376 bytes).
    Removing queue.o(i.xQueueTakeMutexRecursive), (64 bytes).
    Removing stream_buffer.o(i.prvBytesInBuffer), (18 bytes).
    Removing stream_buffer.o(i.prvInitialiseNewStreamBuffer), (76 bytes).
    Removing stream_buffer.o(i.prvReadBytesFromBuffer), (140 bytes).
    Removing stream_buffer.o(i.prvReadMessageFromBuffer), (66 bytes).
    Removing stream_buffer.o(i.prvWriteBytesToBuffer), (130 bytes).
    Removing stream_buffer.o(i.prvWriteMessageToBuffer), (60 bytes).
    Removing stream_buffer.o(i.ucStreamBufferGetStreamBufferType), (8 bytes).
    Removing stream_buffer.o(i.uxStreamBufferGetStreamBufferNumber), (4 bytes).
    Removing stream_buffer.o(i.vStreamBufferDelete), (34 bytes).
    Removing stream_buffer.o(i.vStreamBufferSetStreamBufferNumber), (4 bytes).
    Removing stream_buffer.o(i.xStreamBufferBytesAvailable), (22 bytes).
    Removing stream_buffer.o(i.xStreamBufferGenericCreate), (82 bytes).
    Removing stream_buffer.o(i.xStreamBufferGenericCreateStatic), (114 bytes).
    Removing stream_buffer.o(i.xStreamBufferIsEmpty), (34 bytes).
    Removing stream_buffer.o(i.xStreamBufferIsFull), (48 bytes).
    Removing stream_buffer.o(i.xStreamBufferReceive), (212 bytes).
    Removing stream_buffer.o(i.xStreamBufferReceiveCompletedFromISR), (70 bytes).
    Removing stream_buffer.o(i.xStreamBufferReceiveFromISR), (144 bytes).
    Removing stream_buffer.o(i.xStreamBufferReset), (68 bytes).
    Removing stream_buffer.o(i.xStreamBufferSend), (236 bytes).
    Removing stream_buffer.o(i.xStreamBufferSendCompletedFromISR), (70 bytes).
    Removing stream_buffer.o(i.xStreamBufferSendFromISR), (142 bytes).
    Removing stream_buffer.o(i.xStreamBufferSetTriggerLevel), (40 bytes).
    Removing stream_buffer.o(i.xStreamBufferSpacesAvailable), (38 bytes).
    Removing tasks.o(i.eTaskGetState), (104 bytes).
    Removing tasks.o(i.pcTaskGetName), (32 bytes).
    Removing tasks.o(i.prvListTasksWithinSingleList), (88 bytes).
    Removing tasks.o(i.prvTaskCheckFreeStackSpace), (20 bytes).
    Removing tasks.o(i.prvTaskIsTaskSuspended), (52 bytes).
    Removing tasks.o(i.pvTaskIncrementMutexHeldCount), (24 bytes).
    Removing tasks.o(i.ulTaskNotifyTake), (104 bytes).
    Removing tasks.o(i.uxTaskGetNumberOfTasks), (12 bytes).
    Removing tasks.o(i.uxTaskGetStackHighWaterMark), (16 bytes).
    Removing tasks.o(i.uxTaskGetSystemState), (172 bytes).
    Removing tasks.o(i.uxTaskGetTaskNumber), (8 bytes).
    Removing tasks.o(i.uxTaskPriorityGet), (28 bytes).
    Removing tasks.o(i.uxTaskPriorityGetFromISR), (44 bytes).
    Removing tasks.o(i.uxTaskResetEventItemValue), (24 bytes).
    Removing tasks.o(i.vTaskDelayUntil), (140 bytes).
    Removing tasks.o(i.vTaskDelete), (144 bytes).
    Removing tasks.o(i.vTaskEndScheduler), (28 bytes).
    Removing tasks.o(i.vTaskGetInfo), (116 bytes).
    Removing tasks.o(i.vTaskNotifyGiveFromISR), (176 bytes).
    Removing tasks.o(i.vTaskPlaceOnUnorderedEventList), (80 bytes).
    Removing tasks.o(i.vTaskPriorityDisinheritAfterTimeout), (144 bytes).
    Removing tasks.o(i.vTaskPrioritySet), (180 bytes).
    Removing tasks.o(i.vTaskRemoveFromUnorderedEventList), (112 bytes).
    Removing tasks.o(i.vTaskResume), (124 bytes).
    Removing tasks.o(i.vTaskSetTaskNumber), (8 bytes).
    Removing tasks.o(i.vTaskSetTimeOutState), (48 bytes).
    Removing tasks.o(i.vTaskSuspend), (156 bytes).
    Removing tasks.o(i.xTaskGenericNotify), (200 bytes).
    Removing tasks.o(i.xTaskGenericNotifyFromISR), (240 bytes).
    Removing tasks.o(i.xTaskGetCurrentTaskHandle), (12 bytes).
    Removing tasks.o(i.xTaskGetTickCountFromISR), (16 bytes).
    Removing tasks.o(i.xTaskNotifyStateClear), (52 bytes).
    Removing tasks.o(i.xTaskNotifyWait), (140 bytes).
    Removing tasks.o(i.xTaskPriorityInherit), (120 bytes).
    Removing tasks.o(i.xTaskResumeFromISR), (136 bytes).
    Removing timers.o(i.pcTimerGetName), (22 bytes).
    Removing timers.o(i.prvInitialiseNewTimer), (68 bytes).
    Removing timers.o(i.pvTimerGetTimerID), (36 bytes).
    Removing timers.o(i.uxTimerGetTimerNumber), (4 bytes).
    Removing timers.o(i.vTimerSetTimerID), (38 bytes).
    Removing timers.o(i.vTimerSetTimerNumber), (4 bytes).
    Removing timers.o(i.xTimerCreate), (52 bytes).
    Removing timers.o(i.xTimerCreateStatic), (46 bytes).
    Removing timers.o(i.xTimerGetExpiryTime), (22 bytes).
    Removing timers.o(i.xTimerGetPeriod), (22 bytes).
    Removing timers.o(i.xTimerGetTimerDaemonTaskHandle), (32 bytes).
    Removing timers.o(i.xTimerIsTimerActive), (44 bytes).
    Removing timers.o(i.xTimerPendFunctionCall), (60 bytes).
    Removing timers.o(i.xTimerPendFunctionCallFromISR), (40 bytes).
    Removing cmsis_os2.o(.rev16_text), (4 bytes).
    Removing cmsis_os2.o(.revsh_text), (4 bytes).
    Removing cmsis_os2.o(.rrx_text), (6 bytes).
    Removing cmsis_os2.o(i.TimerCallback), (24 bytes).
    Removing cmsis_os2.o(i.osDelayUntil), (60 bytes).
    Removing cmsis_os2.o(i.osEventFlagsClear), (88 bytes).
    Removing cmsis_os2.o(i.osEventFlagsDelete), (56 bytes).
    Removing cmsis_os2.o(i.osEventFlagsGet), (48 bytes).
    Removing cmsis_os2.o(i.osEventFlagsNew), (68 bytes).
    Removing cmsis_os2.o(i.osEventFlagsSet), (108 bytes).
    Removing cmsis_os2.o(i.osEventFlagsWait), (124 bytes).
    Removing cmsis_os2.o(i.osKernelGetInfo), (60 bytes).
    Removing cmsis_os2.o(i.osKernelGetState), (32 bytes).
    Removing cmsis_os2.o(i.osKernelGetSysTimerCount), (48 bytes).
    Removing cmsis_os2.o(i.osKernelGetSysTimerFreq), (12 bytes).
    Removing cmsis_os2.o(i.osKernelGetTickCount), (40 bytes).
    Removing cmsis_os2.o(i.osKernelGetTickFreq), (6 bytes).
    Removing cmsis_os2.o(i.osKernelLock), (68 bytes).
    Removing cmsis_os2.o(i.osKernelRestoreLock), (92 bytes).
    Removing cmsis_os2.o(i.osKernelUnlock), (84 bytes).
    Removing cmsis_os2.o(i.osMessageQueueDelete), (68 bytes).
    Removing cmsis_os2.o(i.osMessageQueueGet), (124 bytes).
    Removing cmsis_os2.o(i.osMessageQueueGetCapacity), (8 bytes).
    Removing cmsis_os2.o(i.osMessageQueueGetCount), (44 bytes).
    Removing cmsis_os2.o(i.osMessageQueueGetMsgSize), (8 bytes).
    Removing cmsis_os2.o(i.osMessageQueueGetSpace), (68 bytes).
    Removing cmsis_os2.o(i.osMessageQueueNew), (116 bytes).
    Removing cmsis_os2.o(i.osMessageQueuePut), (128 bytes).
    Removing cmsis_os2.o(i.osMessageQueueReset), (60 bytes).
    Removing cmsis_os2.o(i.osMutexAcquire), (108 bytes).
    Removing cmsis_os2.o(i.osMutexDelete), (68 bytes).
    Removing cmsis_os2.o(i.osMutexGetOwner), (44 bytes).
    Removing cmsis_os2.o(i.osMutexNew), (128 bytes).
    Removing cmsis_os2.o(i.osMutexRelease), (92 bytes).
    Removing cmsis_os2.o(i.osSemaphoreAcquire), (116 bytes).
    Removing cmsis_os2.o(i.osSemaphoreDelete), (68 bytes).
    Removing cmsis_os2.o(i.osSemaphoreGetCount), (44 bytes).
    Removing cmsis_os2.o(i.osSemaphoreNew), (176 bytes).
    Removing cmsis_os2.o(i.osSemaphoreRelease), (112 bytes).
    Removing cmsis_os2.o(i.osThreadEnumerate), (124 bytes).
    Removing cmsis_os2.o(i.osThreadExit), (8 bytes).
    Removing cmsis_os2.o(i.osThreadFlagsClear), (104 bytes).
    Removing cmsis_os2.o(i.osThreadFlagsGet), (68 bytes).
    Removing cmsis_os2.o(i.osThreadFlagsSet), (140 bytes).
    Removing cmsis_os2.o(i.osThreadFlagsWait), (176 bytes).
    Removing cmsis_os2.o(i.osThreadGetCount), (40 bytes).
    Removing cmsis_os2.o(i.osThreadGetId), (40 bytes).
    Removing cmsis_os2.o(i.osThreadGetName), (40 bytes).
    Removing cmsis_os2.o(i.osThreadGetPriority), (44 bytes).
    Removing cmsis_os2.o(i.osThreadGetStackSize), (4 bytes).
    Removing cmsis_os2.o(i.osThreadGetStackSpace), (40 bytes).
    Removing cmsis_os2.o(i.osThreadGetState), (80 bytes).
    Removing cmsis_os2.o(i.osThreadResume), (56 bytes).
    Removing cmsis_os2.o(i.osThreadSetPriority), (64 bytes).
    Removing cmsis_os2.o(i.osThreadSuspend), (56 bytes).
    Removing cmsis_os2.o(i.osThreadTerminate), (76 bytes).
    Removing cmsis_os2.o(i.osThreadYield), (60 bytes).
    Removing cmsis_os2.o(i.osTimerDelete), (92 bytes).
    Removing cmsis_os2.o(i.osTimerGetName), (40 bytes).
    Removing cmsis_os2.o(i.osTimerIsRunning), (40 bytes).
    Removing cmsis_os2.o(i.osTimerNew), (132 bytes).
    Removing cmsis_os2.o(i.osTimerStart), (76 bytes).
    Removing cmsis_os2.o(i.osTimerStop), (92 bytes).
    Removing heap_4.o(i.vPortInitialiseBlocks), (2 bytes).
    Removing heap_4.o(i.xPortGetFreeHeapSize), (12 bytes).
    Removing heap_4.o(i.xPortGetMinimumEverFreeHeapSize), (12 bytes).
    Removing port.o(i.vPortEndScheduler), (32 bytes).

541 unused section(s) (total 36230 bytes) removed from the image.

==============================================================================

Image Symbol Table

    Local Symbols

    Symbol Name                              Value     Ov Type        Size  Object(Section)

    ../Drivers/STM32F4xx_HAL_Driver/Src/stm32f4xx_hal.c 0x00000000   Number         0  stm32f4xx_hal.o ABSOLUTE
    ../Drivers/STM32F4xx_HAL_Driver/Src/stm32f4xx_hal_cortex.c 0x00000000   Number         0  stm32f4xx_hal_cortex.o ABSOLUTE
    ../Drivers/STM32F4xx_HAL_Driver/Src/stm32f4xx_hal_dma.c 0x00000000   Number         0  stm32f4xx_hal_dma.o ABSOLUTE
    ../Drivers/STM32F4xx_HAL_Driver/Src/stm32f4xx_hal_dma_ex.c 0x00000000   Number         0  stm32f4xx_hal_dma_ex.o ABSOLUTE
    ../Drivers/STM32F4xx_HAL_Driver/Src/stm32f4xx_hal_exti.c 0x00000000   Number         0  stm32f4xx_hal_exti.o ABSOLUTE
    ../Drivers/STM32F4xx_HAL_Driver/Src/stm32f4xx_hal_flash.c 0x00000000   Number         0  stm32f4xx_hal_flash.o ABSOLUTE
    ../Drivers/STM32F4xx_HAL_Driver/Src/stm32f4xx_hal_flash_ex.c 0x00000000   Number         0  stm32f4xx_hal_flash_ex.o ABSOLUTE
    ../Drivers/STM32F4xx_HAL_Driver/Src/stm32f4xx_hal_flash_ramfunc.c 0x00000000   Number         0  stm32f4xx_hal_flash_ramfunc.o ABSOLUTE
    ../Drivers/STM32F4xx_HAL_Driver/Src/stm32f4xx_hal_gpio.c 0x00000000   Number         0  stm32f4xx_hal_gpio.o ABSOLUTE
    ../Drivers/STM32F4xx_HAL_Driver/Src/stm32f4xx_hal_pwr.c 0x00000000   Number         0  stm32f4xx_hal_pwr.o ABSOLUTE
    ../Drivers/STM32F4xx_HAL_Driver/Src/stm32f4xx_hal_pwr_ex.c 0x00000000   Number         0  stm32f4xx_hal_pwr_ex.o ABSOLUTE
    ../Drivers/STM32F4xx_HAL_Driver/Src/stm32f4xx_hal_rcc.c 0x00000000   Number         0  stm32f4xx_hal_rcc.o ABSOLUTE
    ../Drivers/STM32F4xx_HAL_Driver/Src/stm32f4xx_hal_rcc_ex.c 0x00000000   Number         0  stm32f4xx_hal_rcc_ex.o ABSOLUTE
    ../Drivers/STM32F4xx_HAL_Driver/Src/stm32f4xx_hal_tim.c 0x00000000   Number         0  stm32f4xx_hal_tim.o ABSOLUTE
    ../Drivers/STM32F4xx_HAL_Driver/Src/stm32f4xx_hal_tim_ex.c 0x00000000   Number         0  stm32f4xx_hal_tim_ex.o ABSOLUTE
    ../Middlewares/Third_Party/FreeRTOS/Source/CMSIS_RTOS_V2/cmsis_os2.c 0x00000000   Number         0  cmsis_os2.o ABSOLUTE
    ../Middlewares/Third_Party/FreeRTOS/Source/croutine.c 0x00000000   Number         0  croutine.o ABSOLUTE
    ../Middlewares/Third_Party/FreeRTOS/Source/event_groups.c 0x00000000   Number         0  event_groups.o ABSOLUTE
    ../Middlewares/Third_Party/FreeRTOS/Source/list.c 0x00000000   Number         0  list.o ABSOLUTE
    ../Middlewares/Third_Party/FreeRTOS/Source/portable/MemMang/heap_4.c 0x00000000   Number         0  heap_4.o ABSOLUTE
    ../Middlewares/Third_Party/FreeRTOS/Source/portable/RVDS/ARM_CM4F/port.c 0x00000000   Number         0  port.o ABSOLUTE
    ../Middlewares/Third_Party/FreeRTOS/Source/queue.c 0x00000000   Number         0  queue.o ABSOLUTE
    ../Middlewares/Third_Party/FreeRTOS/Source/stream_buffer.c 0x00000000   Number         0  stream_buffer.o ABSOLUTE
    ../Middlewares/Third_Party/FreeRTOS/Source/tasks.c 0x00000000   Number         0  tasks.o ABSOLUTE
    ../Middlewares/Third_Party/FreeRTOS/Source/timers.c 0x00000000   Number         0  timers.o ABSOLUTE
    ../Src/freertos.c                        0x00000000   Number         0  freertos.o ABSOLUTE
    ../Src/main.c                            0x00000000   Number         0  main.o ABSOLUTE
    ../Src/stm32f4xx_hal_msp.c               0x00000000   Number         0  stm32f4xx_hal_msp.o ABSOLUTE
    ../Src/stm32f4xx_hal_timebase_tim.c      0x00000000   Number         0  stm32f4xx_hal_timebase_tim.o ABSOLUTE
    ../Src/stm32f4xx_it.c                    0x00000000   Number         0  stm32f4xx_it.o ABSOLUTE
    ../Src/system_stm32f4xx.c                0x00000000   Number         0  system_stm32f4xx.o ABSOLUTE
    ../clib/microlib/division.c              0x00000000   Number         0  uldiv.o ABSOLUTE
    ../clib/microlib/init/entry.s            0x00000000   Number         0  entry2.o ABSOLUTE
    ../clib/microlib/init/entry.s            0x00000000   Number         0  entry5.o ABSOLUTE
    ../clib/microlib/init/entry.s            0x00000000   Number         0  entry7a.o ABSOLUTE
    ../clib/microlib/init/entry.s            0x00000000   Number         0  entry8b.o ABSOLUTE
    ../clib/microlib/init/entry.s            0x00000000   Number         0  entry9a.o ABSOLUTE
    ../clib/microlib/init/entry.s            0x00000000   Number         0  entry9b.o ABSOLUTE
    ../clib/microlib/init/entry.s            0x00000000   Number         0  entry7b.o ABSOLUTE
    ../clib/microlib/init/entry.s            0x00000000   Number         0  entry10a.o ABSOLUTE
    ../clib/microlib/init/entry.s            0x00000000   Number         0  entry10b.o ABSOLUTE
    ../clib/microlib/init/entry.s            0x00000000   Number         0  entry11a.o ABSOLUTE
    ../clib/microlib/init/entry.s            0x00000000   Number         0  entry11b.o ABSOLUTE
    ../clib/microlib/init/entry.s            0x00000000   Number         0  entry8a.o ABSOLUTE
    ../clib/microlib/init/entry.s            0x00000000   Number         0  entry.o ABSOLUTE
    ../clib/microlib/longlong.c              0x00000000   Number         0  llushr.o ABSOLUTE
    ../clib/microlib/longlong.c              0x00000000   Number         0  llshl.o ABSOLUTE
    ../clib/microlib/string/memcpy.c         0x00000000   Number         0  memcpyb.o ABSOLUTE
    ../clib/microlib/string/memcpy.c         0x00000000   Number         0  memcpya.o ABSOLUTE
    ../clib/microlib/string/memset.c         0x00000000   Number         0  memseta.o ABSOLUTE
    ../clib/microlib/string/memset.c         0x00000000   Number         0  memset.o ABSOLUTE
    ..\Drivers\STM32F4xx_HAL_Driver\Src\stm32f4xx_hal.c 0x00000000   Number         0  stm32f4xx_hal.o ABSOLUTE
    ..\Drivers\STM32F4xx_HAL_Driver\Src\stm32f4xx_hal_cortex.c 0x00000000   Number         0  stm32f4xx_hal_cortex.o ABSOLUTE
    ..\Drivers\STM32F4xx_HAL_Driver\Src\stm32f4xx_hal_dma.c 0x00000000   Number         0  stm32f4xx_hal_dma.o ABSOLUTE
    ..\Drivers\STM32F4xx_HAL_Driver\Src\stm32f4xx_hal_dma_ex.c 0x00000000   Number         0  stm32f4xx_hal_dma_ex.o ABSOLUTE
    ..\Drivers\STM32F4xx_HAL_Driver\Src\stm32f4xx_hal_exti.c 0x00000000   Number         0  stm32f4xx_hal_exti.o ABSOLUTE
    ..\Drivers\STM32F4xx_HAL_Driver\Src\stm32f4xx_hal_flash.c 0x00000000   Number         0  stm32f4xx_hal_flash.o ABSOLUTE
    ..\Drivers\STM32F4xx_HAL_Driver\Src\stm32f4xx_hal_flash_ex.c 0x00000000   Number         0  stm32f4xx_hal_flash_ex.o ABSOLUTE
    ..\Drivers\STM32F4xx_HAL_Driver\Src\stm32f4xx_hal_flash_ramfunc.c 0x00000000   Number         0  stm32f4xx_hal_flash_ramfunc.o ABSOLUTE
    ..\Drivers\STM32F4xx_HAL_Driver\Src\stm32f4xx_hal_gpio.c 0x00000000   Number         0  stm32f4xx_hal_gpio.o ABSOLUTE
    ..\Drivers\STM32F4xx_HAL_Driver\Src\stm32f4xx_hal_pwr.c 0x00000000   Number         0  stm32f4xx_hal_pwr.o ABSOLUTE
    ..\Drivers\STM32F4xx_HAL_Driver\Src\stm32f4xx_hal_pwr_ex.c 0x00000000   Number         0  stm32f4xx_hal_pwr_ex.o ABSOLUTE
    ..\Drivers\STM32F4xx_HAL_Driver\Src\stm32f4xx_hal_rcc.c 0x00000000   Number         0  stm32f4xx_hal_rcc.o ABSOLUTE
    ..\Drivers\STM32F4xx_HAL_Driver\Src\stm32f4xx_hal_rcc_ex.c 0x00000000   Number         0  stm32f4xx_hal_rcc_ex.o ABSOLUTE
    ..\Drivers\STM32F4xx_HAL_Driver\Src\stm32f4xx_hal_tim.c 0x00000000   Number         0  stm32f4xx_hal_tim.o ABSOLUTE
    ..\Drivers\STM32F4xx_HAL_Driver\Src\stm32f4xx_hal_tim_ex.c 0x00000000   Number         0  stm32f4xx_hal_tim_ex.o ABSOLUTE
    ..\Middlewares\Third_Party\FreeRTOS\Source\CMSIS_RTOS_V2\cmsis_os2.c 0x00000000   Number         0  cmsis_os2.o ABSOLUTE
    ..\Middlewares\Third_Party\FreeRTOS\Source\portable\RVDS\ARM_CM4F\port.c 0x00000000   Number         0  port.o ABSOLUTE
    ..\Src\freertos.c                        0x00000000   Number         0  freertos.o ABSOLUTE
    ..\Src\main.c                            0x00000000   Number         0  main.o ABSOLUTE
    ..\Src\stm32f4xx_hal_msp.c               0x00000000   Number         0  stm32f4xx_hal_msp.o ABSOLUTE
    ..\Src\stm32f4xx_hal_timebase_tim.c      0x00000000   Number         0  stm32f4xx_hal_timebase_tim.o ABSOLUTE
    ..\Src\stm32f4xx_it.c                    0x00000000   Number         0  stm32f4xx_it.o ABSOLUTE
    ..\Src\system_stm32f4xx.c                0x00000000   Number         0  system_stm32f4xx.o ABSOLUTE
    dc.s                                     0x00000000   Number         0  dc.o ABSOLUTE
    handlers.s                               0x00000000   Number         0  handlers.o ABSOLUTE
    init.s                                   0x00000000   Number         0  init.o ABSOLUTE
    startup_stm32f429xx.s                    0x00000000   Number         0  startup_stm32f429xx.o ABSOLUTE
    RESET                                    0x08000000   Section      428  startup_stm32f429xx.o(RESET)
    .ARM.Collect$$$$00000000                 0x080001ac   Section        0  entry.o(.ARM.Collect$$$$00000000)
    .ARM.Collect$$$$00000001                 0x080001ac   Section        4  entry2.o(.ARM.Collect$$$$00000001)
    .ARM.Collect$$$$00000004                 0x080001b0   Section        4  entry5.o(.ARM.Collect$$$$00000004)
    .ARM.Collect$$$$00000008                 0x080001b4   Section        0  entry7b.o(.ARM.Collect$$$$00000008)
    .ARM.Collect$$$$0000000A                 0x080001b4   Section        0  entry8b.o(.ARM.Collect$$$$0000000A)
    .ARM.Collect$$$$0000000B                 0x080001b4   Section        8  entry9a.o(.ARM.Collect$$$$0000000B)
    .ARM.Collect$$$$0000000D                 0x080001bc   Section        0  entry10a.o(.ARM.Collect$$$$0000000D)
    .ARM.Collect$$$$0000000F                 0x080001bc   Section        0  entry11a.o(.ARM.Collect$$$$0000000F)
    .ARM.Collect$$$$00002712                 0x080001bc   Section        4  entry2.o(.ARM.Collect$$$$00002712)
    __lit__00000000                          0x080001bc   Data           4  entry2.o(.ARM.Collect$$$$00002712)
    .emb_text                                0x080001c0   Section      190  port.o(.emb_text)
    $v0                                      0x080001c0   Number         0  port.o(.emb_text)
    .text                                    0x08000280   Section       36  startup_stm32f429xx.o(.text)
    $v0                                      0x08000280   Number         0  startup_stm32f429xx.o(.text)
    .text                                    0x080002a4   Section        0  uldiv.o(.text)
    .text                                    0x08000306   Section        0  memcpya.o(.text)
    .text                                    0x0800032a   Section        0  memseta.o(.text)
    .text                                    0x0800034e   Section        0  llshl.o(.text)
    .text                                    0x0800036c   Section        0  llushr.o(.text)
    .text                                    0x0800038c   Section       36  init.o(.text)
    i.BusFault_Handler                       0x080003b0   Section        0  stm32f4xx_it.o(i.BusFault_Handler)
    i.DebugMon_Handler                       0x080003b2   Section        0  stm32f4xx_it.o(i.DebugMon_Handler)
    i.HAL_GPIO_Init                          0x080003b4   Section        0  stm32f4xx_hal_gpio.o(i.HAL_GPIO_Init)
    i.HAL_GPIO_WritePin                      0x08000588   Section        0  stm32f4xx_hal_gpio.o(i.HAL_GPIO_WritePin)
    i.HAL_GetTick                            0x08000594   Section        0  stm32f4xx_hal.o(i.HAL_GetTick)
    i.HAL_IncTick                            0x080005a0   Section        0  stm32f4xx_hal.o(i.HAL_IncTick)
    i.HAL_Init                               0x080005b0   Section        0  stm32f4xx_hal.o(i.HAL_Init)
    i.HAL_InitTick                           0x080005e4   Section        0  stm32f4xx_hal_timebase_tim.o(i.HAL_InitTick)
    i.HAL_MspInit                            0x08000658   Section        0  stm32f4xx_hal_msp.o(i.HAL_MspInit)
    i.HAL_NVIC_EnableIRQ                     0x08000690   Section        0  stm32f4xx_hal_cortex.o(i.HAL_NVIC_EnableIRQ)
    i.HAL_NVIC_SetPriority                   0x080006ac   Section        0  stm32f4xx_hal_cortex.o(i.HAL_NVIC_SetPriority)
    i.HAL_NVIC_SetPriorityGrouping           0x080006ec   Section        0  stm32f4xx_hal_cortex.o(i.HAL_NVIC_SetPriorityGrouping)
    i.HAL_RCC_ClockConfig                    0x08000710   Section        0  stm32f4xx_hal_rcc.o(i.HAL_RCC_ClockConfig)
    i.HAL_RCC_GetClockConfig                 0x08000844   Section        0  stm32f4xx_hal_rcc.o(i.HAL_RCC_GetClockConfig)
    i.HAL_RCC_GetPCLK2Freq                   0x08000884   Section        0  stm32f4xx_hal_rcc.o(i.HAL_RCC_GetPCLK2Freq)
    i.HAL_RCC_GetSysClockFreq                0x080008a4   Section        0  stm32f4xx_hal_rcc.o(i.HAL_RCC_GetSysClockFreq)
    i.HAL_RCC_OscConfig                      0x08000908   Section        0  stm32f4xx_hal_rcc.o(i.HAL_RCC_OscConfig)
    i.HAL_TIMEx_BreakCallback                0x08000c64   Section        0  stm32f4xx_hal_tim_ex.o(i.HAL_TIMEx_BreakCallback)
    i.HAL_TIMEx_CommutCallback               0x08000c66   Section        0  stm32f4xx_hal_tim_ex.o(i.HAL_TIMEx_CommutCallback)
    i.HAL_TIM_Base_Init                      0x08000c68   Section        0  stm32f4xx_hal_tim.o(i.HAL_TIM_Base_Init)
    i.HAL_TIM_Base_MspInit                   0x08000c9e   Section        0  stm32f4xx_hal_tim.o(i.HAL_TIM_Base_MspInit)
    i.HAL_TIM_Base_Start_IT                  0x08000ca0   Section        0  stm32f4xx_hal_tim.o(i.HAL_TIM_Base_Start_IT)
    i.HAL_TIM_IC_CaptureCallback             0x08000cc2   Section        0  stm32f4xx_hal_tim.o(i.HAL_TIM_IC_CaptureCallback)
    i.HAL_TIM_IRQHandler                     0x08000cc4   Section        0  stm32f4xx_hal_tim.o(i.HAL_TIM_IRQHandler)
    i.HAL_TIM_OC_DelayElapsedCallback        0x08000e2a   Section        0  stm32f4xx_hal_tim.o(i.HAL_TIM_OC_DelayElapsedCallback)
    i.HAL_TIM_PWM_PulseFinishedCallback      0x08000e2c   Section        0  stm32f4xx_hal_tim.o(i.HAL_TIM_PWM_PulseFinishedCallback)
    i.HAL_TIM_PeriodElapsedCallback          0x08000e30   Section        0  main.o(i.HAL_TIM_PeriodElapsedCallback)
    i.HAL_TIM_TriggerCallback                0x08000e44   Section        0  stm32f4xx_hal_tim.o(i.HAL_TIM_TriggerCallback)
    i.HardFault_Handler                      0x08000e46   Section        0  stm32f4xx_it.o(i.HardFault_Handler)
    i.MX_GPIO_Init                           0x08000e48   Section        0  main.o(i.MX_GPIO_Init)
    MX_GPIO_Init                             0x08000e49   Thumb Code   102  main.o(i.MX_GPIO_Init)
    i.MemManage_Handler                      0x08000eb8   Section        0  stm32f4xx_it.o(i.MemManage_Handler)
    i.NMI_Handler                            0x08000eba   Section        0  stm32f4xx_it.o(i.NMI_Handler)
    i.StartDefaultTask                       0x08000ebc   Section        0  main.o(i.StartDefaultTask)
    i.SysTick_Handler                        0x08000ec4   Section        0  port.o(i.SysTick_Handler)
    i.SystemClock_Config                     0x08000ef0   Section        0  main.o(i.SystemClock_Config)
    i.SystemInit                             0x08000f74   Section        0  system_stm32f4xx.o(i.SystemInit)
    i.TIM1_UP_TIM10_IRQHandler               0x08000f90   Section        0  stm32f4xx_it.o(i.TIM1_UP_TIM10_IRQHandler)
    i.TIM_Base_SetConfig                     0x08000f9c   Section        0  stm32f4xx_hal_tim.o(i.TIM_Base_SetConfig)
    i.UsageFault_Handler                     0x08001064   Section        0  stm32f4xx_it.o(i.UsageFault_Handler)
    i.__NVIC_SetPriority                     0x08001066   Section        0  stm32f4xx_hal_cortex.o(i.__NVIC_SetPriority)
    __NVIC_SetPriority                       0x08001067   Thumb Code    32  stm32f4xx_hal_cortex.o(i.__NVIC_SetPriority)
    i.__scatterload_copy                     0x08001086   Section       14  handlers.o(i.__scatterload_copy)
    i.__scatterload_null                     0x08001094   Section        2  handlers.o(i.__scatterload_null)
    i.__scatterload_zeroinit                 0x08001096   Section       14  handlers.o(i.__scatterload_zeroinit)
    i.main                                   0x080010a4   Section        0  main.o(i.main)
    i.osDelay                                0x08001100   Section        0  cmsis_os2.o(i.osDelay)
    i.osKernelInitialize                     0x08001134   Section        0  cmsis_os2.o(i.osKernelInitialize)
    i.osKernelStart                          0x0800116c   Section        0  cmsis_os2.o(i.osKernelStart)
    i.osThreadNew                            0x080011ac   Section        0  cmsis_os2.o(i.osThreadNew)
    i.prvAddCurrentTaskToDelayedList         0x08001250   Section        0  tasks.o(i.prvAddCurrentTaskToDelayedList)
    prvAddCurrentTaskToDelayedList           0x08001251   Thumb Code    84  tasks.o(i.prvAddCurrentTaskToDelayedList)
    i.prvAddNewTaskToReadyList               0x080012ac   Section        0  tasks.o(i.prvAddNewTaskToReadyList)
    prvAddNewTaskToReadyList                 0x080012ad   Thumb Code   190  tasks.o(i.prvAddNewTaskToReadyList)
    i.prvCheckForValidListAndQueue           0x0800137c   Section        0  timers.o(i.prvCheckForValidListAndQueue)
    prvCheckForValidListAndQueue             0x0800137d   Thumb Code    72  timers.o(i.prvCheckForValidListAndQueue)
    i.prvCopyDataFromQueue                   0x080013d4   Section        0  queue.o(i.prvCopyDataFromQueue)
    prvCopyDataFromQueue                     0x080013d5   Thumb Code    38  queue.o(i.prvCopyDataFromQueue)
    i.prvCopyDataToQueue                     0x080013fa   Section        0  queue.o(i.prvCopyDataToQueue)
    prvCopyDataToQueue                       0x080013fb   Thumb Code   108  queue.o(i.prvCopyDataToQueue)
    i.prvDeleteTCB                           0x08001466   Section        0  tasks.o(i.prvDeleteTCB)
    prvDeleteTCB                             0x08001467   Thumb Code    52  tasks.o(i.prvDeleteTCB)
    i.prvHeapInit                            0x0800149c   Section        0  heap_4.o(i.prvHeapInit)
    prvHeapInit                              0x0800149d   Thumb Code    66  heap_4.o(i.prvHeapInit)
    i.prvIdleTask                            0x080014e8   Section        0  tasks.o(i.prvIdleTask)
    prvIdleTask                              0x080014e9   Thumb Code    82  tasks.o(i.prvIdleTask)
    i.prvInitialiseNewQueue                  0x08001548   Section        0  queue.o(i.prvInitialiseNewQueue)
    prvInitialiseNewQueue                    0x08001549   Thumb Code    34  queue.o(i.prvInitialiseNewQueue)
    i.prvInitialiseNewTask                   0x0800156a   Section        0  tasks.o(i.prvInitialiseNewTask)
    prvInitialiseNewTask                     0x0800156b   Thumb Code   156  tasks.o(i.prvInitialiseNewTask)
    i.prvInsertBlockIntoFreeList             0x08001608   Section        0  heap_4.o(i.prvInsertBlockIntoFreeList)
    prvInsertBlockIntoFreeList               0x08001609   Thumb Code    72  heap_4.o(i.prvInsertBlockIntoFreeList)
    i.prvInsertTimerInActiveList             0x08001654   Section        0  timers.o(i.prvInsertTimerInActiveList)
    prvInsertTimerInActiveList               0x08001655   Thumb Code    52  timers.o(i.prvInsertTimerInActiveList)
    i.prvIsQueueEmpty                        0x0800168c   Section        0  queue.o(i.prvIsQueueEmpty)
    prvIsQueueEmpty                          0x0800168d   Thumb Code    28  queue.o(i.prvIsQueueEmpty)
    i.prvProcessReceivedCommands             0x080016a8   Section        0  timers.o(i.prvProcessReceivedCommands)
    prvProcessReceivedCommands               0x080016a9   Thumb Code   198  timers.o(i.prvProcessReceivedCommands)
    i.prvProcessTimerOrBlockTask             0x08001774   Section        0  timers.o(i.prvProcessTimerOrBlockTask)
    prvProcessTimerOrBlockTask               0x08001775   Thumb Code   172  timers.o(i.prvProcessTimerOrBlockTask)
    i.prvResetNextTaskUnblockTime            0x08001828   Section        0  tasks.o(i.prvResetNextTaskUnblockTime)
    prvResetNextTaskUnblockTime              0x08001829   Thumb Code    26  tasks.o(i.prvResetNextTaskUnblockTime)
    i.prvSampleTimeNow                       0x08001848   Section        0  timers.o(i.prvSampleTimeNow)
    prvSampleTimeNow                         0x08001849   Thumb Code    36  timers.o(i.prvSampleTimeNow)
    i.prvSwitchTimerLists                    0x08001870   Section        0  timers.o(i.prvSwitchTimerLists)
    prvSwitchTimerLists                      0x08001871   Thumb Code   102  timers.o(i.prvSwitchTimerLists)
    i.prvTaskExitError                       0x080018dc   Section        0  port.o(i.prvTaskExitError)
    prvTaskExitError                         0x080018dd   Thumb Code    36  port.o(i.prvTaskExitError)
    i.prvTimerTask                           0x08001904   Section        0  timers.o(i.prvTimerTask)
    prvTimerTask                             0x08001905   Thumb Code    32  timers.o(i.prvTimerTask)
    i.prvUnlockQueue                         0x08001928   Section        0  queue.o(i.prvUnlockQueue)
    prvUnlockQueue                           0x08001929   Thumb Code   106  queue.o(i.prvUnlockQueue)
    i.pvPortMalloc                           0x08001994   Section        0  heap_4.o(i.pvPortMalloc)
    i.pxPortInitialiseStack                  0x08001a6c   Section        0  port.o(i.pxPortInitialiseStack)
    i.uxListRemove                           0x08001a98   Section        0  list.o(i.uxListRemove)
    i.vApplicationGetIdleTaskMemory          0x08001ac0   Section        0  cmsis_os2.o(i.vApplicationGetIdleTaskMemory)
    i.vApplicationGetTimerTaskMemory         0x08001ad4   Section        0  cmsis_os2.o(i.vApplicationGetTimerTaskMemory)
    i.vListInitialise                        0x08001aec   Section        0  list.o(i.vListInitialise)
    i.vListInitialiseItem                    0x08001b02   Section        0  list.o(i.vListInitialiseItem)
    i.vListInsert                            0x08001b08   Section        0  list.o(i.vListInsert)
    i.vListInsertEnd                         0x08001b38   Section        0  list.o(i.vListInsertEnd)
    i.vPortEnterCritical                     0x08001b50   Section        0  port.o(i.vPortEnterCritical)
    i.vPortExitCritical                      0x08001b90   Section        0  port.o(i.vPortExitCritical)
    i.vPortFree                              0x08001bb8   Section        0  heap_4.o(i.vPortFree)
    i.vPortSetupTimerInterrupt               0x08001c14   Section        0  port.o(i.vPortSetupTimerInterrupt)
    i.vPortValidateInterruptPriority         0x08001c38   Section        0  port.o(i.vPortValidateInterruptPriority)
    i.vQueueAddToRegistry                    0x08001c8c   Section        0  queue.o(i.vQueueAddToRegistry)
    i.vQueueWaitForMessageRestricted         0x08001cb4   Section        0  queue.o(i.vQueueWaitForMessageRestricted)
    i.vTaskDelay                             0x08001cf8   Section        0  tasks.o(i.vTaskDelay)
    i.vTaskInternalSetTimeOutState           0x08001d44   Section        0  tasks.o(i.vTaskInternalSetTimeOutState)
    i.vTaskMissedYield                       0x08001d54   Section        0  tasks.o(i.vTaskMissedYield)
    i.vTaskPlaceOnEventList                  0x08001d60   Section        0  tasks.o(i.vTaskPlaceOnEventList)
    i.vTaskPlaceOnEventListRestricted        0x08001d90   Section        0  tasks.o(i.vTaskPlaceOnEventListRestricted)
    i.vTaskStartScheduler                    0x08001dc8   Section        0  tasks.o(i.vTaskStartScheduler)
    i.vTaskSuspendAll                        0x08001e50   Section        0  tasks.o(i.vTaskSuspendAll)
    i.vTaskSwitchContext                     0x08001e60   Section        0  tasks.o(i.vTaskSwitchContext)
    i.xPortStartScheduler                    0x08001ec4   Section        0  port.o(i.xPortStartScheduler)
    i.xQueueGenericCreateStatic              0x08001fb8   Section        0  queue.o(i.xQueueGenericCreateStatic)
    i.xQueueGenericReset                     0x08002020   Section        0  queue.o(i.xQueueGenericReset)
    i.xQueueGenericSend                      0x080020a8   Section        0  queue.o(i.xQueueGenericSend)
    i.xQueueGenericSendFromISR               0x08002208   Section        0  queue.o(i.xQueueGenericSendFromISR)
    i.xQueueReceive                          0x080022c4   Section        0  queue.o(i.xQueueReceive)
    i.xTaskCheckForTimeOut                   0x080023fc   Section        0  tasks.o(i.xTaskCheckForTimeOut)
    i.xTaskCreate                            0x08002470   Section        0  tasks.o(i.xTaskCreate)
    i.xTaskCreateStatic                      0x080024ca   Section        0  tasks.o(i.xTaskCreateStatic)
    i.xTaskGetSchedulerState                 0x08002520   Section        0  tasks.o(i.xTaskGetSchedulerState)
    i.xTaskGetTickCount                      0x0800253c   Section        0  tasks.o(i.xTaskGetTickCount)
    i.xTaskIncrementTick                     0x08002548   Section        0  tasks.o(i.xTaskIncrementTick)
    i.xTaskPriorityDisinherit                0x08002610   Section        0  tasks.o(i.xTaskPriorityDisinherit)
    i.xTaskRemoveFromEventList               0x08002690   Section        0  tasks.o(i.xTaskRemoveFromEventList)
    i.xTaskResumeAll                         0x08002700   Section        0  tasks.o(i.xTaskResumeAll)
    i.xTimerCreateTimerTask                  0x080027c4   Section        0  timers.o(i.xTimerCreateTimerTask)
    i.xTimerGenericCommand                   0x08002824   Section        0  timers.o(i.xTimerGenericCommand)
    .constdata                               0x0800288c   Section       36  main.o(.constdata)
    .constdata                               0x080028b0   Section       16  system_stm32f4xx.o(.constdata)
    .constdata                               0x080028c0   Section        8  system_stm32f4xx.o(.constdata)
    .conststring                             0x080028c8   Section       12  main.o(.conststring)
    .data                                    0x20000000   Section        4  main.o(.data)
    .data                                    0x20000004   Section       12  stm32f4xx_hal.o(.data)
    .data                                    0x20000010   Section        4  system_stm32f4xx.o(.data)
    .data                                    0x20000014   Section       60  tasks.o(.data)
    pxDelayedTaskList                        0x20000018   Data           4  tasks.o(.data)
    pxOverflowDelayedTaskList                0x2000001c   Data           4  tasks.o(.data)
    uxDeletedTasksWaitingCleanUp             0x20000020   Data           4  tasks.o(.data)
    uxCurrentNumberOfTasks                   0x20000024   Data           4  tasks.o(.data)
    xTickCount                               0x20000028   Data           4  tasks.o(.data)
    uxTopReadyPriority                       0x2000002c   Data           4  tasks.o(.data)
    xSchedulerRunning                        0x20000030   Data           4  tasks.o(.data)
    uxPendedTicks                            0x20000034   Data           4  tasks.o(.data)
    xYieldPending                            0x20000038   Data           4  tasks.o(.data)
    xNumOfOverflows                          0x2000003c   Data           4  tasks.o(.data)
    uxTaskNumber                             0x20000040   Data           4  tasks.o(.data)
    xNextTaskUnblockTime                     0x20000044   Data           4  tasks.o(.data)
    xIdleTaskHandle                          0x20000048   Data           4  tasks.o(.data)
    uxSchedulerSuspended                     0x2000004c   Data           4  tasks.o(.data)
    .data                                    0x20000050   Section       20  timers.o(.data)
    pxCurrentTimerList                       0x20000050   Data           4  timers.o(.data)
    pxOverflowTimerList                      0x20000054   Data           4  timers.o(.data)
    xTimerQueue                              0x20000058   Data           4  timers.o(.data)
    xTimerTaskHandle                         0x2000005c   Data           4  timers.o(.data)
    xLastTime                                0x20000060   Data           4  timers.o(.data)
    .data                                    0x20000064   Section        4  cmsis_os2.o(.data)
    KernelState                              0x20000064   Data           4  cmsis_os2.o(.data)
    .data                                    0x20000068   Section       24  heap_4.o(.data)
    pxEnd                                    0x20000068   Data           4  heap_4.o(.data)
    xFreeBytesRemaining                      0x2000006c   Data           4  heap_4.o(.data)
    xMinimumEverFreeBytesRemaining           0x20000070   Data           4  heap_4.o(.data)
    xBlockAllocatedBit                       0x20000074   Data           4  heap_4.o(.data)
    xStart                                   0x20000078   Data           8  heap_4.o(.data)
    .data                                    0x20000080   Section       12  port.o(.data)
    ucMaxSysCallPriority                     0x20000080   Data           1  port.o(.data)
    uxCriticalNesting                        0x20000084   Data           4  port.o(.data)
    ulMaxPRIGROUPValue                       0x20000088   Data           4  port.o(.data)
    .bss                                     0x2000008c   Section       64  stm32f4xx_hal_timebase_tim.o(.bss)
    .bss                                     0x200000cc   Section       64  queue.o(.bss)
    .bss                                     0x2000010c   Section     1220  tasks.o(.bss)
    pxReadyTasksLists                        0x2000010c   Data        1120  tasks.o(.bss)
    xDelayedTaskList1                        0x2000056c   Data          20  tasks.o(.bss)
    xDelayedTaskList2                        0x20000580   Data          20  tasks.o(.bss)
    xPendingReadyList                        0x20000594   Data          20  tasks.o(.bss)
    xTasksWaitingTermination                 0x200005a8   Data          20  tasks.o(.bss)
    xSuspendedTaskList                       0x200005bc   Data          20  tasks.o(.bss)
    .bss                                     0x200005d0   Section      280  timers.o(.bss)
    xActiveTimerList1                        0x200005d0   Data          20  timers.o(.bss)
    xActiveTimerList2                        0x200005e4   Data          20  timers.o(.bss)
    xStaticTimerQueue                        0x200005f8   Data          80  timers.o(.bss)
    ucStaticTimerQueueStorage                0x20000648   Data         160  timers.o(.bss)
    .bss                                     0x200006e8   Section     1720  cmsis_os2.o(.bss)
    Idle_TCB                                 0x200006e8   Data          92  cmsis_os2.o(.bss)
    Idle_Stack                               0x20000744   Data         512  cmsis_os2.o(.bss)
    Timer_TCB                                0x20000944   Data          92  cmsis_os2.o(.bss)
    Timer_Stack                              0x200009a0   Data        1024  cmsis_os2.o(.bss)
    .bss                                     0x20000da0   Section    15360  heap_4.o(.bss)
    ucHeap                                   0x20000da0   Data       15360  heap_4.o(.bss)
    STACK                                    0x200049a0   Section     1024  startup_stm32f429xx.o(STACK)

    Global Symbols

    Symbol Name                              Value     Ov Type        Size  Object(Section)

    BuildAttributes$$THM_ISAv4$E$P$D$K$B$S$7EM$VFPi3$EXTD16$VFPS$VFMA$PE$A:L22UL41UL21$X:L11$S22US41US21$IEEE1$IW$USESV6$~STKCKD$USESV7$~SHL$OSPACE$EBA8$MICROLIB$REQ8$PRES8$EABIv2 0x00000000   Number         0  anon$$obj.o ABSOLUTE
    __ARM_use_no_argv                        0x00000000   Number         0  main.o ABSOLUTE
    __cpp_initialize__aeabi_                  - Undefined Weak Reference
    __cxa_finalize                            - Undefined Weak Reference
    __decompress                              - Undefined Weak Reference
    _clock_init                               - Undefined Weak Reference
    _microlib_exit                            - Undefined Weak Reference
    __Vectors_Size                           0x000001ac   Number         0  startup_stm32f429xx.o ABSOLUTE
    __Vectors                                0x08000000   Data           4  startup_stm32f429xx.o(RESET)
    __Vectors_End                            0x080001ac   Data           0  startup_stm32f429xx.o(RESET)
    __main                                   0x080001ad   Thumb Code     0  entry.o(.ARM.Collect$$$$00000000)
    _main_stk                                0x080001ad   Thumb Code     0  entry2.o(.ARM.Collect$$$$00000001)
    _main_scatterload                        0x080001b1   Thumb Code     0  entry5.o(.ARM.Collect$$$$00000004)
    __main_after_scatterload                 0x080001b5   Thumb Code     0  entry5.o(.ARM.Collect$$$$00000004)
    _main_clock                              0x080001b5   Thumb Code     0  entry7b.o(.ARM.Collect$$$$00000008)
    _main_cpp_init                           0x080001b5   Thumb Code     0  entry8b.o(.ARM.Collect$$$$0000000A)
    _main_init                               0x080001b5   Thumb Code     0  entry9a.o(.ARM.Collect$$$$0000000B)
    __rt_final_cpp                           0x080001bd   Thumb Code     0  entry10a.o(.ARM.Collect$$$$0000000D)
    __rt_final_exit                          0x080001bd   Thumb Code     0  entry11a.o(.ARM.Collect$$$$0000000F)
    SVC_Handler                              0x080001c1   Thumb Code    28  port.o(.emb_text)
    __asm___6_port_c_39a90d8d__prvStartFirstTask 0x080001e1   Thumb Code    36  port.o(.emb_text)
    __asm___6_port_c_39a90d8d__prvEnableVFP  0x08000209   Thumb Code    16  port.o(.emb_text)
    PendSV_Handler                           0x0800021d   Thumb Code    88  port.o(.emb_text)
    vPortGetIPSR                             0x08000279   Thumb Code     6  port.o(.emb_text)
    Reset_Handler                            0x08000281   Thumb Code     8  startup_stm32f429xx.o(.text)
    ADC_IRQHandler                           0x0800029b   Thumb Code     0  startup_stm32f429xx.o(.text)
    CAN1_RX0_IRQHandler                      0x0800029b   Thumb Code     0  startup_stm32f429xx.o(.text)
    CAN1_RX1_IRQHandler                      0x0800029b   Thumb Code     0  startup_stm32f429xx.o(.text)
    CAN1_SCE_IRQHandler                      0x0800029b   Thumb Code     0  startup_stm32f429xx.o(.text)
    CAN1_TX_IRQHandler                       0x0800029b   Thumb Code     0  startup_stm32f429xx.o(.text)
    CAN2_RX0_IRQHandler                      0x0800029b   Thumb Code     0  startup_stm32f429xx.o(.text)
    CAN2_RX1_IRQHandler                      0x0800029b   Thumb Code     0  startup_stm32f429xx.o(.text)
    CAN2_SCE_IRQHandler                      0x0800029b   Thumb Code     0  startup_stm32f429xx.o(.text)
    CAN2_TX_IRQHandler                       0x0800029b   Thumb Code     0  startup_stm32f429xx.o(.text)
    DCMI_IRQHandler                          0x0800029b   Thumb Code     0  startup_stm32f429xx.o(.text)
    DMA1_Stream0_IRQHandler                  0x0800029b   Thumb Code     0  startup_stm32f429xx.o(.text)
    DMA1_Stream1_IRQHandler                  0x0800029b   Thumb Code     0  startup_stm32f429xx.o(.text)
    DMA1_Stream2_IRQHandler                  0x0800029b   Thumb Code     0  startup_stm32f429xx.o(.text)
    DMA1_Stream3_IRQHandler                  0x0800029b   Thumb Code     0  startup_stm32f429xx.o(.text)
    DMA1_Stream4_IRQHandler                  0x0800029b   Thumb Code     0  startup_stm32f429xx.o(.text)
    DMA1_Stream5_IRQHandler                  0x0800029b   Thumb Code     0  startup_stm32f429xx.o(.text)
    DMA1_Stream6_IRQHandler                  0x0800029b   Thumb Code     0  startup_stm32f429xx.o(.text)
    DMA1_Stream7_IRQHandler                  0x0800029b   Thumb Code     0  startup_stm32f429xx.o(.text)
    DMA2D_IRQHandler                         0x0800029b   Thumb Code     0  startup_stm32f429xx.o(.text)
    DMA2_Stream0_IRQHandler                  0x0800029b   Thumb Code     0  startup_stm32f429xx.o(.text)
    DMA2_Stream1_IRQHandler                  0x0800029b   Thumb Code     0  startup_stm32f429xx.o(.text)
    DMA2_Stream2_IRQHandler                  0x0800029b   Thumb Code     0  startup_stm32f429xx.o(.text)
    DMA2_Stream3_IRQHandler                  0x0800029b   Thumb Code     0  startup_stm32f429xx.o(.text)
    DMA2_Stream4_IRQHandler                  0x0800029b   Thumb Code     0  startup_stm32f429xx.o(.text)
    DMA2_Stream5_IRQHandler                  0x0800029b   Thumb Code     0  startup_stm32f429xx.o(.text)
    DMA2_Stream6_IRQHandler                  0x0800029b   Thumb Code     0  startup_stm32f429xx.o(.text)
    DMA2_Stream7_IRQHandler                  0x0800029b   Thumb Code     0  startup_stm32f429xx.o(.text)
    ETH_IRQHandler                           0x0800029b   Thumb Code     0  startup_stm32f429xx.o(.text)
    ETH_WKUP_IRQHandler                      0x0800029b   Thumb Code     0  startup_stm32f429xx.o(.text)
    EXTI0_IRQHandler                         0x0800029b   Thumb Code     0  startup_stm32f429xx.o(.text)
    EXTI15_10_IRQHandler                     0x0800029b   Thumb Code     0  startup_stm32f429xx.o(.text)
    EXTI1_IRQHandler                         0x0800029b   Thumb Code     0  startup_stm32f429xx.o(.text)
    EXTI2_IRQHandler                         0x0800029b   Thumb Code     0  startup_stm32f429xx.o(.text)
    EXTI3_IRQHandler                         0x0800029b   Thumb Code     0  startup_stm32f429xx.o(.text)
    EXTI4_IRQHandler                         0x0800029b   Thumb Code     0  startup_stm32f429xx.o(.text)
    EXTI9_5_IRQHandler                       0x0800029b   Thumb Code     0  startup_stm32f429xx.o(.text)
    FLASH_IRQHandler                         0x0800029b   Thumb Code     0  startup_stm32f429xx.o(.text)
    FMC_IRQHandler                           0x0800029b   Thumb Code     0  startup_stm32f429xx.o(.text)
    FPU_IRQHandler                           0x0800029b   Thumb Code     0  startup_stm32f429xx.o(.text)
    HASH_RNG_IRQHandler                      0x0800029b   Thumb Code     0  startup_stm32f429xx.o(.text)
    I2C1_ER_IRQHandler                       0x0800029b   Thumb Code     0  startup_stm32f429xx.o(.text)
    I2C1_EV_IRQHandler                       0x0800029b   Thumb Code     0  startup_stm32f429xx.o(.text)
    I2C2_ER_IRQHandler                       0x0800029b   Thumb Code     0  startup_stm32f429xx.o(.text)
    I2C2_EV_IRQHandler                       0x0800029b   Thumb Code     0  startup_stm32f429xx.o(.text)
    I2C3_ER_IRQHandler                       0x0800029b   Thumb Code     0  startup_stm32f429xx.o(.text)
    I2C3_EV_IRQHandler                       0x0800029b   Thumb Code     0  startup_stm32f429xx.o(.text)
    LTDC_ER_IRQHandler                       0x0800029b   Thumb Code     0  startup_stm32f429xx.o(.text)
    LTDC_IRQHandler                          0x0800029b   Thumb Code     0  startup_stm32f429xx.o(.text)
    OTG_FS_IRQHandler                        0x0800029b   Thumb Code     0  startup_stm32f429xx.o(.text)
    OTG_FS_WKUP_IRQHandler                   0x0800029b   Thumb Code     0  startup_stm32f429xx.o(.text)
    OTG_HS_EP1_IN_IRQHandler                 0x0800029b   Thumb Code     0  startup_stm32f429xx.o(.text)
    OTG_HS_EP1_OUT_IRQHandler                0x0800029b   Thumb Code     0  startup_stm32f429xx.o(.text)
    OTG_HS_IRQHandler                        0x0800029b   Thumb Code     0  startup_stm32f429xx.o(.text)
    OTG_HS_WKUP_IRQHandler                   0x0800029b   Thumb Code     0  startup_stm32f429xx.o(.text)
    PVD_IRQHandler                           0x0800029b   Thumb Code     0  startup_stm32f429xx.o(.text)
    RCC_IRQHandler                           0x0800029b   Thumb Code     0  startup_stm32f429xx.o(.text)
    RTC_Alarm_IRQHandler                     0x0800029b   Thumb Code     0  startup_stm32f429xx.o(.text)
    RTC_WKUP_IRQHandler                      0x0800029b   Thumb Code     0  startup_stm32f429xx.o(.text)
    SAI1_IRQHandler                          0x0800029b   Thumb Code     0  startup_stm32f429xx.o(.text)
    SDIO_IRQHandler                          0x0800029b   Thumb Code     0  startup_stm32f429xx.o(.text)
    SPI1_IRQHandler                          0x0800029b   Thumb Code     0  startup_stm32f429xx.o(.text)
    SPI2_IRQHandler                          0x0800029b   Thumb Code     0  startup_stm32f429xx.o(.text)
    SPI3_IRQHandler                          0x0800029b   Thumb Code     0  startup_stm32f429xx.o(.text)
    SPI4_IRQHandler                          0x0800029b   Thumb Code     0  startup_stm32f429xx.o(.text)
    SPI5_IRQHandler                          0x0800029b   Thumb Code     0  startup_stm32f429xx.o(.text)
    SPI6_IRQHandler                          0x0800029b   Thumb Code     0  startup_stm32f429xx.o(.text)
    TAMP_STAMP_IRQHandler                    0x0800029b   Thumb Code     0  startup_stm32f429xx.o(.text)
    TIM1_BRK_TIM9_IRQHandler                 0x0800029b   Thumb Code     0  startup_stm32f429xx.o(.text)
    TIM1_CC_IRQHandler                       0x0800029b   Thumb Code     0  startup_stm32f429xx.o(.text)
    TIM1_TRG_COM_TIM11_IRQHandler            0x0800029b   Thumb Code     0  startup_stm32f429xx.o(.text)
    TIM2_IRQHandler                          0x0800029b   Thumb Code     0  startup_stm32f429xx.o(.text)
    TIM3_IRQHandler                          0x0800029b   Thumb Code     0  startup_stm32f429xx.o(.text)
    TIM4_IRQHandler                          0x0800029b   Thumb Code     0  startup_stm32f429xx.o(.text)
    TIM5_IRQHandler                          0x0800029b   Thumb Code     0  startup_stm32f429xx.o(.text)
    TIM6_DAC_IRQHandler                      0x0800029b   Thumb Code     0  startup_stm32f429xx.o(.text)
    TIM7_IRQHandler                          0x0800029b   Thumb Code     0  startup_stm32f429xx.o(.text)
    TIM8_BRK_TIM12_IRQHandler                0x0800029b   Thumb Code     0  startup_stm32f429xx.o(.text)
    TIM8_CC_IRQHandler                       0x0800029b   Thumb Code     0  startup_stm32f429xx.o(.text)
    TIM8_TRG_COM_TIM14_IRQHandler            0x0800029b   Thumb Code     0  startup_stm32f429xx.o(.text)
    TIM8_UP_TIM13_IRQHandler                 0x0800029b   Thumb Code     0  startup_stm32f429xx.o(.text)
    UART4_IRQHandler                         0x0800029b   Thumb Code     0  startup_stm32f429xx.o(.text)
    UART5_IRQHandler                         0x0800029b   Thumb Code     0  startup_stm32f429xx.o(.text)
    UART7_IRQHandler                         0x0800029b   Thumb Code     0  startup_stm32f429xx.o(.text)
    UART8_IRQHandler                         0x0800029b   Thumb Code     0  startup_stm32f429xx.o(.text)
    USART1_IRQHandler                        0x0800029b   Thumb Code     0  startup_stm32f429xx.o(.text)
    USART2_IRQHandler                        0x0800029b   Thumb Code     0  startup_stm32f429xx.o(.text)
    USART3_IRQHandler                        0x0800029b   Thumb Code     0  startup_stm32f429xx.o(.text)
    USART6_IRQHandler                        0x0800029b   Thumb Code     0  startup_stm32f429xx.o(.text)
    WWDG_IRQHandler                          0x0800029b   Thumb Code     0  startup_stm32f429xx.o(.text)
    __aeabi_uldivmod                         0x080002a5   Thumb Code    98  uldiv.o(.text)
    __aeabi_memcpy                           0x08000307   Thumb Code    36  memcpya.o(.text)
    __aeabi_memcpy4                          0x08000307   Thumb Code     0  memcpya.o(.text)
    __aeabi_memcpy8                          0x08000307   Thumb Code     0  memcpya.o(.text)
    __aeabi_memset                           0x0800032b   Thumb Code    14  memseta.o(.text)
    __aeabi_memset4                          0x0800032b   Thumb Code     0  memseta.o(.text)
    __aeabi_memset8                          0x0800032b   Thumb Code     0  memseta.o(.text)
    __aeabi_memclr                           0x08000339   Thumb Code     4  memseta.o(.text)
    __aeabi_memclr4                          0x08000339   Thumb Code     0  memseta.o(.text)
    __aeabi_memclr8                          0x08000339   Thumb Code     0  memseta.o(.text)
    memset                                   0x0800033d   Thumb Code    18  memseta.o(.text)
    __aeabi_llsl                             0x0800034f   Thumb Code    30  llshl.o(.text)
    _ll_shift_l                              0x0800034f   Thumb Code     0  llshl.o(.text)
    __aeabi_llsr                             0x0800036d   Thumb Code    32  llushr.o(.text)
    _ll_ushift_r                             0x0800036d   Thumb Code     0  llushr.o(.text)
    __scatterload                            0x0800038d   Thumb Code    28  init.o(.text)
    __scatterload_rt2                        0x0800038d   Thumb Code     0  init.o(.text)
    BusFault_Handler                         0x080003b1   Thumb Code     2  stm32f4xx_it.o(i.BusFault_Handler)
    DebugMon_Handler                         0x080003b3   Thumb Code     2  stm32f4xx_it.o(i.DebugMon_Handler)
    HAL_GPIO_Init                            0x080003b5   Thumb Code   414  stm32f4xx_hal_gpio.o(i.HAL_GPIO_Init)
    HAL_GPIO_WritePin                        0x08000589   Thumb Code    10  stm32f4xx_hal_gpio.o(i.HAL_GPIO_WritePin)
    HAL_GetTick                              0x08000595   Thumb Code     6  stm32f4xx_hal.o(i.HAL_GetTick)
    HAL_IncTick                              0x080005a1   Thumb Code    12  stm32f4xx_hal.o(i.HAL_IncTick)
    HAL_Init                                 0x080005b1   Thumb Code    48  stm32f4xx_hal.o(i.HAL_Init)
    HAL_InitTick                             0x080005e5   Thumb Code    98  stm32f4xx_hal_timebase_tim.o(i.HAL_InitTick)
    HAL_MspInit                              0x08000659   Thumb Code    52  stm32f4xx_hal_msp.o(i.HAL_MspInit)
    HAL_NVIC_EnableIRQ                       0x08000691   Thumb Code    26  stm32f4xx_hal_cortex.o(i.HAL_NVIC_EnableIRQ)
    HAL_NVIC_SetPriority                     0x080006ad   Thumb Code    60  stm32f4xx_hal_cortex.o(i.HAL_NVIC_SetPriority)
    HAL_NVIC_SetPriorityGrouping             0x080006ed   Thumb Code    26  stm32f4xx_hal_cortex.o(i.HAL_NVIC_SetPriorityGrouping)
    HAL_RCC_ClockConfig                      0x08000711   Thumb Code   288  stm32f4xx_hal_rcc.o(i.HAL_RCC_ClockConfig)
    HAL_RCC_GetClockConfig                   0x08000845   Thumb Code    54  stm32f4xx_hal_rcc.o(i.HAL_RCC_GetClockConfig)
    HAL_RCC_GetPCLK2Freq                     0x08000885   Thumb Code    20  stm32f4xx_hal_rcc.o(i.HAL_RCC_GetPCLK2Freq)
    HAL_RCC_GetSysClockFreq                  0x080008a5   Thumb Code    88  stm32f4xx_hal_rcc.o(i.HAL_RCC_GetSysClockFreq)
    HAL_RCC_OscConfig                        0x08000909   Thumb Code   834  stm32f4xx_hal_rcc.o(i.HAL_RCC_OscConfig)
    HAL_TIMEx_BreakCallback                  0x08000c65   Thumb Code     2  stm32f4xx_hal_tim_ex.o(i.HAL_TIMEx_BreakCallback)
    HAL_TIMEx_CommutCallback                 0x08000c67   Thumb Code     2  stm32f4xx_hal_tim_ex.o(i.HAL_TIMEx_CommutCallback)
    HAL_TIM_Base_Init                        0x08000c69   Thumb Code    54  stm32f4xx_hal_tim.o(i.HAL_TIM_Base_Init)
    HAL_TIM_Base_MspInit                     0x08000c9f   Thumb Code     2  stm32f4xx_hal_tim.o(i.HAL_TIM_Base_MspInit)
    HAL_TIM_Base_Start_IT                    0x08000ca1   Thumb Code    34  stm32f4xx_hal_tim.o(i.HAL_TIM_Base_Start_IT)
    HAL_TIM_IC_CaptureCallback               0x08000cc3   Thumb Code     2  stm32f4xx_hal_tim.o(i.HAL_TIM_IC_CaptureCallback)
    HAL_TIM_IRQHandler                       0x08000cc5   Thumb Code   358  stm32f4xx_hal_tim.o(i.HAL_TIM_IRQHandler)
    HAL_TIM_OC_DelayElapsedCallback          0x08000e2b   Thumb Code     2  stm32f4xx_hal_tim.o(i.HAL_TIM_OC_DelayElapsedCallback)
    HAL_TIM_PWM_PulseFinishedCallback        0x08000e2d   Thumb Code     2  stm32f4xx_hal_tim.o(i.HAL_TIM_PWM_PulseFinishedCallback)
    HAL_TIM_PeriodElapsedCallback            0x08000e31   Thumb Code    14  main.o(i.HAL_TIM_PeriodElapsedCallback)
    HAL_TIM_TriggerCallback                  0x08000e45   Thumb Code     2  stm32f4xx_hal_tim.o(i.HAL_TIM_TriggerCallback)
    HardFault_Handler                        0x08000e47   Thumb Code     2  stm32f4xx_it.o(i.HardFault_Handler)
    MemManage_Handler                        0x08000eb9   Thumb Code     2  stm32f4xx_it.o(i.MemManage_Handler)
    NMI_Handler                              0x08000ebb   Thumb Code     2  stm32f4xx_it.o(i.NMI_Handler)
    StartDefaultTask                         0x08000ebd   Thumb Code     8  main.o(i.StartDefaultTask)
    SysTick_Handler                          0x08000ec5   Thumb Code    38  port.o(i.SysTick_Handler)
    SystemClock_Config                       0x08000ef1   Thumb Code   124  main.o(i.SystemClock_Config)
    SystemInit                               0x08000f75   Thumb Code    22  system_stm32f4xx.o(i.SystemInit)
    TIM1_UP_TIM10_IRQHandler                 0x08000f91   Thumb Code     6  stm32f4xx_it.o(i.TIM1_UP_TIM10_IRQHandler)
    TIM_Base_SetConfig                       0x08000f9d   Thumb Code   156  stm32f4xx_hal_tim.o(i.TIM_Base_SetConfig)
    UsageFault_Handler                       0x08001065   Thumb Code     2  stm32f4xx_it.o(i.UsageFault_Handler)
    __scatterload_copy                       0x08001087   Thumb Code    14  handlers.o(i.__scatterload_copy)
    __scatterload_null                       0x08001095   Thumb Code     2  handlers.o(i.__scatterload_null)
    __scatterload_zeroinit                   0x08001097   Thumb Code    14  handlers.o(i.__scatterload_zeroinit)
    main                                     0x080010a5   Thumb Code    76  main.o(i.main)
    osDelay                                  0x08001101   Thumb Code    46  cmsis_os2.o(i.osDelay)
    osKernelInitialize                       0x08001135   Thumb Code    50  cmsis_os2.o(i.osKernelInitialize)
    osKernelStart                            0x0800116d   Thumb Code    58  cmsis_os2.o(i.osKernelStart)
    osThreadNew                              0x080011ad   Thumb Code   160  cmsis_os2.o(i.osThreadNew)
    pvPortMalloc                             0x08001995   Thumb Code   210  heap_4.o(i.pvPortMalloc)
    pxPortInitialiseStack                    0x08001a6d   Thumb Code    40  port.o(i.pxPortInitialiseStack)
    uxListRemove                             0x08001a99   Thumb Code    38  list.o(i.uxListRemove)
    vApplicationGetIdleTaskMemory            0x08001ac1   Thumb Code    16  cmsis_os2.o(i.vApplicationGetIdleTaskMemory)
    vApplicationGetTimerTaskMemory           0x08001ad5   Thumb Code    18  cmsis_os2.o(i.vApplicationGetTimerTaskMemory)
    vListInitialise                          0x08001aed   Thumb Code    22  list.o(i.vListInitialise)
    vListInitialiseItem                      0x08001b03   Thumb Code     6  list.o(i.vListInitialiseItem)
    vListInsert                              0x08001b09   Thumb Code    48  list.o(i.vListInsert)
    vListInsertEnd                           0x08001b39   Thumb Code    24  list.o(i.vListInsertEnd)
    vPortEnterCritical                       0x08001b51   Thumb Code    54  port.o(i.vPortEnterCritical)
    vPortExitCritical                        0x08001b91   Thumb Code    34  port.o(i.vPortExitCritical)
    vPortFree                                0x08001bb9   Thumb Code    88  heap_4.o(i.vPortFree)
    vPortSetupTimerInterrupt                 0x08001c15   Thumb Code    32  port.o(i.vPortSetupTimerInterrupt)
    vPortValidateInterruptPriority           0x08001c39   Thumb Code    74  port.o(i.vPortValidateInterruptPriority)
    vQueueAddToRegistry                      0x08001c8d   Thumb Code    34  queue.o(i.vQueueAddToRegistry)
    vQueueWaitForMessageRestricted           0x08001cb5   Thumb Code    68  queue.o(i.vQueueWaitForMessageRestricted)
    vTaskDelay                               0x08001cf9   Thumb Code    66  tasks.o(i.vTaskDelay)
    vTaskInternalSetTimeOutState             0x08001d45   Thumb Code    12  tasks.o(i.vTaskInternalSetTimeOutState)
    vTaskMissedYield                         0x08001d55   Thumb Code     8  tasks.o(i.vTaskMissedYield)
    vTaskPlaceOnEventList                    0x08001d61   Thumb Code    44  tasks.o(i.vTaskPlaceOnEventList)
    vTaskPlaceOnEventListRestricted          0x08001d91   Thumb Code    52  tasks.o(i.vTaskPlaceOnEventListRestricted)
    vTaskStartScheduler                      0x08001dc9   Thumb Code   118  tasks.o(i.vTaskStartScheduler)
    vTaskSuspendAll                          0x08001e51   Thumb Code    10  tasks.o(i.vTaskSuspendAll)
    vTaskSwitchContext                       0x08001e61   Thumb Code    90  tasks.o(i.vTaskSwitchContext)
    xPortStartScheduler                      0x08001ec5   Thumb Code   222  port.o(i.xPortStartScheduler)
    xQueueGenericCreateStatic                0x08001fb9   Thumb Code   102  queue.o(i.xQueueGenericCreateStatic)
    xQueueGenericReset                       0x08002021   Thumb Code   132  queue.o(i.xQueueGenericReset)
    xQueueGenericSend                        0x080020a9   Thumb Code   346  queue.o(i.xQueueGenericSend)
    xQueueGenericSendFromISR                 0x08002209   Thumb Code   188  queue.o(i.xQueueGenericSendFromISR)
    xQueueReceive                            0x080022c5   Thumb Code   308  queue.o(i.xQueueReceive)
    xTaskCheckForTimeOut                     0x080023fd   Thumb Code   112  tasks.o(i.xTaskCheckForTimeOut)
    xTaskCreate                              0x08002471   Thumb Code    90  tasks.o(i.xTaskCreate)
    xTaskCreateStatic                        0x080024cb   Thumb Code    86  tasks.o(i.xTaskCreateStatic)
    xTaskGetSchedulerState                   0x08002521   Thumb Code    22  tasks.o(i.xTaskGetSchedulerState)
    xTaskGetTickCount                        0x0800253d   Thumb Code     6  tasks.o(i.xTaskGetTickCount)
    xTaskIncrementTick                       0x08002549   Thumb Code   190  tasks.o(i.xTaskIncrementTick)
    xTaskPriorityDisinherit                  0x08002611   Thumb Code   118  tasks.o(i.xTaskPriorityDisinherit)
    xTaskRemoveFromEventList                 0x08002691   Thumb Code    98  tasks.o(i.xTaskRemoveFromEventList)
    xTaskResumeAll                           0x08002701   Thumb Code   182  tasks.o(i.xTaskResumeAll)
    xTimerCreateTimerTask                    0x080027c5   Thumb Code    78  timers.o(i.xTimerCreateTimerTask)
    xTimerGenericCommand                     0x08002825   Thumb Code    98  timers.o(i.xTimerGenericCommand)
    AHBPrescTable                            0x080028b0   Data          16  system_stm32f4xx.o(.constdata)
    APBPrescTable                            0x080028c0   Data           8  system_stm32f4xx.o(.constdata)
    Region$$Table$$Base                      0x080028d4   Number         0  anon$$obj.o(Region$$Table)
    Region$$Table$$Limit                     0x080028f4   Number         0  anon$$obj.o(Region$$Table)
    defaultTaskHandle                        0x20000000   Data           4  main.o(.data)
    uwTickFreq                               0x20000004   Data           1  stm32f4xx_hal.o(.data)
    uwTickPrio                               0x20000008   Data           4  stm32f4xx_hal.o(.data)
    uwTick                                   0x2000000c   Data           4  stm32f4xx_hal.o(.data)
    SystemCoreClock                          0x20000010   Data           4  system_stm32f4xx.o(.data)
    pxCurrentTCB                             0x20000014   Data           4  tasks.o(.data)
    htim1                                    0x2000008c   Data          64  stm32f4xx_hal_timebase_tim.o(.bss)
    xQueueRegistry                           0x200000cc   Data          64  queue.o(.bss)
    __initial_sp                             0x20004da0   Data           0  startup_stm32f429xx.o(STACK)



==============================================================================

Memory Map of the image

  Image Entry point : 0x080001ad

  Load Region LR_IROM1 (Base: 0x08000000, Size: 0x00002980, Max: 0x00200000, ABSOLUTE)

    Execution Region ER_IROM1 (Base: 0x08000000, Size: 0x000028f4, Max: 0x00200000, ABSOLUTE)

    Base Addr    Size         Type   Attr      Idx    E Section Name        Object

    0x08000000   0x000001ac   Data   RO            3    RESET               startup_stm32f429xx.o
    0x080001ac   0x00000000   Code   RO         4153  * .ARM.Collect$$$$00000000  mc_w.l(entry.o)
    0x080001ac   0x00000004   Code   RO         4166    .ARM.Collect$$$$00000001  mc_w.l(entry2.o)
    0x080001b0   0x00000004   Code   RO         4169    .ARM.Collect$$$$00000004  mc_w.l(entry5.o)
    0x080001b4   0x00000000   Code   RO         4171    .ARM.Collect$$$$00000008  mc_w.l(entry7b.o)
    0x080001b4   0x00000000   Code   RO         4173    .ARM.Collect$$$$0000000A  mc_w.l(entry8b.o)
    0x080001b4   0x00000008   Code   RO         4174    .ARM.Collect$$$$0000000B  mc_w.l(entry9a.o)
    0x080001bc   0x00000000   Code   RO         4176    .ARM.Collect$$$$0000000D  mc_w.l(entry10a.o)
    0x080001bc   0x00000000   Code   RO         4178    .ARM.Collect$$$$0000000F  mc_w.l(entry11a.o)
    0x080001bc   0x00000004   Code   RO         4167    .ARM.Collect$$$$00002712  mc_w.l(entry2.o)
    0x080001c0   0x000000be   Code   RO         4076    .emb_text           port.o
    0x0800027e   0x00000002   PAD
    0x08000280   0x00000024   Code   RO            4    .text               startup_stm32f429xx.o
    0x080002a4   0x00000062   Code   RO         4156    .text               mc_w.l(uldiv.o)
    0x08000306   0x00000024   Code   RO         4158    .text               mc_w.l(memcpya.o)
    0x0800032a   0x00000024   Code   RO         4162    .text               mc_w.l(memseta.o)
    0x0800034e   0x0000001e   Code   RO         4180    .text               mc_w.l(llshl.o)
    0x0800036c   0x00000020   Code   RO         4182    .text               mc_w.l(llushr.o)
    0x0800038c   0x00000024   Code   RO         4184    .text               mc_w.l(init.o)
    0x080003b0   0x00000002   Code   RO          230    i.BusFault_Handler  stm32f4xx_it.o
    0x080003b2   0x00000002   Code   RO          231    i.DebugMon_Handler  stm32f4xx_it.o
    0x080003b4   0x000001d4   Code   RO         1692    i.HAL_GPIO_Init     stm32f4xx_hal_gpio.o
    0x08000588   0x0000000a   Code   RO         1696    i.HAL_GPIO_WritePin  stm32f4xx_hal_gpio.o
    0x08000592   0x00000002   PAD
    0x08000594   0x0000000c   Code   RO         2244    i.HAL_GetTick       stm32f4xx_hal.o
    0x080005a0   0x00000010   Code   RO         2250    i.HAL_IncTick       stm32f4xx_hal.o
    0x080005b0   0x00000034   Code   RO         2251    i.HAL_Init          stm32f4xx_hal.o
    0x080005e4   0x00000074   Code   RO          318    i.HAL_InitTick      stm32f4xx_hal_timebase_tim.o
    0x08000658   0x00000038   Code   RO          294    i.HAL_MspInit       stm32f4xx_hal_msp.o
    0x08000690   0x0000001a   Code   RO         2099    i.HAL_NVIC_EnableIRQ  stm32f4xx_hal_cortex.o
    0x080006aa   0x00000002   PAD
    0x080006ac   0x00000040   Code   RO         2105    i.HAL_NVIC_SetPriority  stm32f4xx_hal_cortex.o
    0x080006ec   0x00000024   Code   RO         2106    i.HAL_NVIC_SetPriorityGrouping  stm32f4xx_hal_cortex.o
    0x08000710   0x00000134   Code   RO         1286    i.HAL_RCC_ClockConfig  stm32f4xx_hal_rcc.o
    0x08000844   0x00000040   Code   RO         1290    i.HAL_RCC_GetClockConfig  stm32f4xx_hal_rcc.o
    0x08000884   0x00000020   Code   RO         1294    i.HAL_RCC_GetPCLK2Freq  stm32f4xx_hal_rcc.o
    0x080008a4   0x00000064   Code   RO         1295    i.HAL_RCC_GetSysClockFreq  stm32f4xx_hal_rcc.o
    0x08000908   0x0000035c   Code   RO         1298    i.HAL_RCC_OscConfig  stm32f4xx_hal_rcc.o
    0x08000c64   0x00000002   Code   RO         1034    i.HAL_TIMEx_BreakCallback  stm32f4xx_hal_tim_ex.o
    0x08000c66   0x00000002   Code   RO         1035    i.HAL_TIMEx_CommutCallback  stm32f4xx_hal_tim_ex.o
    0x08000c68   0x00000036   Code   RO          359    i.HAL_TIM_Base_Init  stm32f4xx_hal_tim.o
    0x08000c9e   0x00000002   Code   RO          361    i.HAL_TIM_Base_MspInit  stm32f4xx_hal_tim.o
    0x08000ca0   0x00000022   Code   RO          364    i.HAL_TIM_Base_Start_IT  stm32f4xx_hal_tim.o
    0x08000cc2   0x00000002   Code   RO          388    i.HAL_TIM_IC_CaptureCallback  stm32f4xx_hal_tim.o
    0x08000cc4   0x00000166   Code   RO          402    i.HAL_TIM_IRQHandler  stm32f4xx_hal_tim.o
    0x08000e2a   0x00000002   Code   RO          405    i.HAL_TIM_OC_DelayElapsedCallback  stm32f4xx_hal_tim.o
    0x08000e2c   0x00000002   Code   RO          432    i.HAL_TIM_PWM_PulseFinishedCallback  stm32f4xx_hal_tim.o
    0x08000e2e   0x00000002   PAD
    0x08000e30   0x00000014   Code   RO           14    i.HAL_TIM_PeriodElapsedCallback  main.o
    0x08000e44   0x00000002   Code   RO          445    i.HAL_TIM_TriggerCallback  stm32f4xx_hal_tim.o
    0x08000e46   0x00000002   Code   RO          232    i.HardFault_Handler  stm32f4xx_it.o
    0x08000e48   0x00000070   Code   RO           15    i.MX_GPIO_Init      main.o
    0x08000eb8   0x00000002   Code   RO          233    i.MemManage_Handler  stm32f4xx_it.o
    0x08000eba   0x00000002   Code   RO          234    i.NMI_Handler       stm32f4xx_it.o
    0x08000ebc   0x00000008   Code   RO           16    i.StartDefaultTask  main.o
    0x08000ec4   0x0000002c   Code   RO         4077    i.SysTick_Handler   port.o
    0x08000ef0   0x00000084   Code   RO           17    i.SystemClock_Config  main.o
    0x08000f74   0x0000001c   Code   RO         2500    i.SystemInit        system_stm32f4xx.o
    0x08000f90   0x0000000c   Code   RO          235    i.TIM1_UP_TIM10_IRQHandler  stm32f4xx_it.o
    0x08000f9c   0x000000c8   Code   RO          447    i.TIM_Base_SetConfig  stm32f4xx_hal_tim.o
    0x08001064   0x00000002   Code   RO          236    i.UsageFault_Handler  stm32f4xx_it.o
    0x08001066   0x00000020   Code   RO         2112    i.__NVIC_SetPriority  stm32f4xx_hal_cortex.o
    0x08001086   0x0000000e   Code   RO         4188    i.__scatterload_copy  mc_w.l(handlers.o)
    0x08001094   0x00000002   Code   RO         4189    i.__scatterload_null  mc_w.l(handlers.o)
    0x08001096   0x0000000e   Code   RO         4190    i.__scatterload_zeroinit  mc_w.l(handlers.o)
    0x080010a4   0x0000005c   Code   RO           18    i.main              main.o
    0x08001100   0x00000034   Code   RO         3606    i.osDelay           cmsis_os2.o
    0x08001134   0x00000038   Code   RO         3620    i.osKernelInitialize  cmsis_os2.o
    0x0800116c   0x00000040   Code   RO         3623    i.osKernelStart     cmsis_os2.o
    0x080011ac   0x000000a4   Code   RO         3657    i.osThreadNew       cmsis_os2.o
    0x08001250   0x0000005c   Code   RO         3102    i.prvAddCurrentTaskToDelayedList  tasks.o
    0x080012ac   0x000000d0   Code   RO         3103    i.prvAddNewTaskToReadyList  tasks.o
    0x0800137c   0x00000058   Code   RO         3452    i.prvCheckForValidListAndQueue  timers.o
    0x080013d4   0x00000026   Code   RO         2705    i.prvCopyDataFromQueue  queue.o
    0x080013fa   0x0000006c   Code   RO         2706    i.prvCopyDataToQueue  queue.o
    0x08001466   0x00000034   Code   RO         3104    i.prvDeleteTCB      tasks.o
    0x0800149a   0x00000002   PAD
    0x0800149c   0x0000004c   Code   RO         4027    i.prvHeapInit       heap_4.o
    0x080014e8   0x00000060   Code   RO         3105    i.prvIdleTask       tasks.o
    0x08001548   0x00000022   Code   RO         2708    i.prvInitialiseNewQueue  queue.o
    0x0800156a   0x0000009c   Code   RO         3106    i.prvInitialiseNewTask  tasks.o
    0x08001606   0x00000002   PAD
    0x08001608   0x0000004c   Code   RO         4028    i.prvInsertBlockIntoFreeList  heap_4.o
    0x08001654   0x00000038   Code   RO         3454    i.prvInsertTimerInActiveList  timers.o
    0x0800168c   0x0000001c   Code   RO         2709    i.prvIsQueueEmpty   queue.o
    0x080016a8   0x000000cc   Code   RO         3455    i.prvProcessReceivedCommands  timers.o
    0x08001774   0x000000b4   Code   RO         3456    i.prvProcessTimerOrBlockTask  timers.o
    0x08001828   0x00000020   Code   RO         3108    i.prvResetNextTaskUnblockTime  tasks.o
    0x08001848   0x00000028   Code   RO         3457    i.prvSampleTimeNow  timers.o
    0x08001870   0x0000006c   Code   RO         3458    i.prvSwitchTimerLists  timers.o
    0x080018dc   0x00000028   Code   RO         4078    i.prvTaskExitError  port.o
    0x08001904   0x00000024   Code   RO         3459    i.prvTimerTask      timers.o
    0x08001928   0x0000006a   Code   RO         2710    i.prvUnlockQueue    queue.o
    0x08001992   0x00000002   PAD
    0x08001994   0x000000d8   Code   RO         4029    i.pvPortMalloc      heap_4.o
    0x08001a6c   0x0000002c   Code   RO         4079    i.pxPortInitialiseStack  port.o
    0x08001a98   0x00000026   Code   RO         2665    i.uxListRemove      list.o
    0x08001abe   0x00000002   PAD
    0x08001ac0   0x00000014   Code   RO         3669    i.vApplicationGetIdleTaskMemory  cmsis_os2.o
    0x08001ad4   0x00000018   Code   RO         3670    i.vApplicationGetTimerTaskMemory  cmsis_os2.o
    0x08001aec   0x00000016   Code   RO         2666    i.vListInitialise   list.o
    0x08001b02   0x00000006   Code   RO         2667    i.vListInitialiseItem  list.o
    0x08001b08   0x00000030   Code   RO         2668    i.vListInsert       list.o
    0x08001b38   0x00000018   Code   RO         2669    i.vListInsertEnd    list.o
    0x08001b50   0x00000040   Code   RO         4081    i.vPortEnterCritical  port.o
    0x08001b90   0x00000028   Code   RO         4082    i.vPortExitCritical  port.o
    0x08001bb8   0x0000005c   Code   RO         4030    i.vPortFree         heap_4.o
    0x08001c14   0x00000024   Code   RO         4083    i.vPortSetupTimerInterrupt  port.o
    0x08001c38   0x00000054   Code   RO         4084    i.vPortValidateInterruptPriority  port.o
    0x08001c8c   0x00000028   Code   RO         2716    i.vQueueAddToRegistry  queue.o
    0x08001cb4   0x00000044   Code   RO         2720    i.vQueueWaitForMessageRestricted  queue.o
    0x08001cf8   0x0000004c   Code   RO         3120    i.vTaskDelay        tasks.o
    0x08001d44   0x00000010   Code   RO         3125    i.vTaskInternalSetTimeOutState  tasks.o
    0x08001d54   0x0000000c   Code   RO         3126    i.vTaskMissedYield  tasks.o
    0x08001d60   0x00000030   Code   RO         3128    i.vTaskPlaceOnEventList  tasks.o
    0x08001d90   0x00000038   Code   RO         3129    i.vTaskPlaceOnEventListRestricted  tasks.o
    0x08001dc8   0x00000088   Code   RO         3137    i.vTaskStartScheduler  tasks.o
    0x08001e50   0x00000010   Code   RO         3139    i.vTaskSuspendAll   tasks.o
    0x08001e60   0x00000064   Code   RO         3140    i.vTaskSwitchContext  tasks.o
    0x08001ec4   0x000000f4   Code   RO         4085    i.xPortStartScheduler  port.o
    0x08001fb8   0x00000066   Code   RO         2726    i.xQueueGenericCreateStatic  queue.o
    0x0800201e   0x00000002   PAD
    0x08002020   0x00000088   Code   RO         2727    i.xQueueGenericReset  queue.o
    0x080020a8   0x00000160   Code   RO         2728    i.xQueueGenericSend  queue.o
    0x08002208   0x000000bc   Code   RO         2729    i.xQueueGenericSendFromISR  queue.o
    0x080022c4   0x00000138   Code   RO         2738    i.xQueueReceive     queue.o
    0x080023fc   0x00000074   Code   RO         3141    i.xTaskCheckForTimeOut  tasks.o
    0x08002470   0x0000005a   Code   RO         3142    i.xTaskCreate       tasks.o
    0x080024ca   0x00000056   Code   RO         3143    i.xTaskCreateStatic  tasks.o
    0x08002520   0x0000001c   Code   RO         3147    i.xTaskGetSchedulerState  tasks.o
    0x0800253c   0x0000000c   Code   RO         3148    i.xTaskGetTickCount  tasks.o
    0x08002548   0x000000c8   Code   RO         3150    i.xTaskIncrementTick  tasks.o
    0x08002610   0x00000080   Code   RO         3153    i.xTaskPriorityDisinherit  tasks.o
    0x08002690   0x00000070   Code   RO         3155    i.xTaskRemoveFromEventList  tasks.o
    0x08002700   0x000000c4   Code   RO         3156    i.xTaskResumeAll    tasks.o
    0x080027c4   0x00000060   Code   RO         3466    i.xTimerCreateTimerTask  timers.o
    0x08002824   0x00000068   Code   RO         3467    i.xTimerGenericCommand  timers.o
    0x0800288c   0x00000024   Data   RO           20    .constdata          main.o
    0x080028b0   0x00000010   Data   RO         2501    .constdata          system_stm32f4xx.o
    0x080028c0   0x00000008   Data   RO         2502    .constdata          system_stm32f4xx.o
    0x080028c8   0x0000000c   Data   RO           21    .conststring        main.o
    0x080028d4   0x00000020   Data   RO         4186    Region$$Table       anon$$obj.o


    Execution Region RW_IRAM1 (Base: 0x20000000, Size: 0x00004da0, Max: 0x00030000, ABSOLUTE)

    Base Addr    Size         Type   Attr      Idx    E Section Name        Object

    0x20000000   0x00000004   Data   RW           22    .data               main.o
    0x20000004   0x0000000c   Data   RW         2258    .data               stm32f4xx_hal.o
    0x20000010   0x00000004   Data   RW         2503    .data               system_stm32f4xx.o
    0x20000014   0x0000003c   Data   RW         3159    .data               tasks.o
    0x20000050   0x00000014   Data   RW         3475    .data               timers.o
    0x20000064   0x00000004   Data   RW         3672    .data               cmsis_os2.o
    0x20000068   0x00000018   Data   RW         4035    .data               heap_4.o
    0x20000080   0x0000000c   Data   RW         4086    .data               port.o
    0x2000008c   0x00000040   Zero   RW          321    .bss                stm32f4xx_hal_timebase_tim.o
    0x200000cc   0x00000040   Zero   RW         2742    .bss                queue.o
    0x2000010c   0x000004c4   Zero   RW         3158    .bss                tasks.o
    0x200005d0   0x00000118   Zero   RW         3474    .bss                timers.o
    0x200006e8   0x000006b8   Zero   RW         3671    .bss                cmsis_os2.o
    0x20000da0   0x00003c00   Zero   RW         4034    .bss                heap_4.o
    0x200049a0   0x00000400   Zero   RW            1    STACK               startup_stm32f429xx.o


==============================================================================

Image component sizes


      Code (inc. data)   RO Data    RW Data    ZI Data      Debug   Object Name

       380         32          0          4       1720      16118   cmsis_os2.o
         0          0          0          0          0      20152   event_groups.o
       460         24          0         24      15360       4843   heap_4.o
       138          0          0          0          0       3618   list.o
       364         40         48          4          0     751627   main.o
       786         82          0         12          0      11733   port.o
      1512         20          0          0         64      17420   queue.o
        36          8        428          0       1024        848   startup_stm32f429xx.o
        80         14          0         12          0       8294   stm32f4xx_hal.o
       158         14          0          0          0      33218   stm32f4xx_hal_cortex.o
       478         54          0          0          0       2448   stm32f4xx_hal_gpio.o
        56          4          0          0          0        862   stm32f4xx_hal_msp.o
      1364         80          0          0          0       5362   stm32f4xx_hal_rcc.o
       656         44          0          0          0       7364   stm32f4xx_hal_tim.o
         4          0          0          0          0       1633   stm32f4xx_hal_tim_ex.o
       116         18          0          0         64       1431   stm32f4xx_hal_timebase_tim.o
        24          6          0          0          0       3284   stm32f4xx_it.o
         0          0          0          0          0       8888   stream_buffer.o
        28          6         24          4          0       1167   system_stm32f4xx.o
      2064        170          0         60       1220      24260   tasks.o
       912         82          0         20        280      26367   timers.o

    ----------------------------------------------------------------------
      9634        698        532        140      19732     950937   Object Totals
         0          0         32          0          0          0   (incl. Generated)
        18          0          0          0          0          0   (incl. Padding)

    ----------------------------------------------------------------------

      Code (inc. data)   RO Data    RW Data    ZI Data      Debug   Library Member Name

         0          0          0          0          0          0   entry.o
         0          0          0          0          0          0   entry10a.o
         0          0          0          0          0          0   entry11a.o
         8          4          0          0          0          0   entry2.o
         4          0          0          0          0          0   entry5.o
         0          0          0          0          0          0   entry7b.o
         0          0          0          0          0          0   entry8b.o
         8          4          0          0          0          0   entry9a.o
        30          0          0          0          0          0   handlers.o
        36          8          0          0          0         68   init.o
        30          0          0          0          0         68   llshl.o
        32          0          0          0          0         68   llushr.o
        36          0          0          0          0         68   memcpya.o
        36          0          0          0          0        108   memseta.o
        98          0          0          0          0         92   uldiv.o

    ----------------------------------------------------------------------
       318         16          0          0          0        472   Library Totals
         0          0          0          0          0          0   (incl. Padding)

    ----------------------------------------------------------------------

      Code (inc. data)   RO Data    RW Data    ZI Data      Debug   Library Name

       318         16          0          0          0        472   mc_w.l

    ----------------------------------------------------------------------
       318         16          0          0          0        472   Library Totals

    ----------------------------------------------------------------------

==============================================================================


      Code (inc. data)   RO Data    RW Data    ZI Data      Debug   

      9952        714        532        140      19732     941357   Grand Totals
      9952        714        532        140      19732     941357   ELF Image Totals
      9952        714        532        140          0          0   ROM Totals

==============================================================================

    Total RO  Size (Code + RO Data)                10484 (  10.24kB)
    Total RW  Size (RW Data + ZI Data)             19872 (  19.41kB)
    Total ROM Size (Code + RO Data + RW Data)      10624 (  10.38kB)

==============================================================================

